
Allocating common symbols
Common symbol       size              file

RCC_Clocks          0x3c              ..\obj\delay.o

Discarded input sections

 .text          0x00000000        0x0 ..\obj\delay.o
 .data          0x00000000        0x0 ..\obj\delay.o
 .text          0x00000000        0x0 ..\obj\stm32f30x_rcc.o
 .bss           0x00000000        0x0 ..\obj\stm32f30x_rcc.o
 .text.RCC_DeInit
                0x00000000       0x7c ..\obj\stm32f30x_rcc.o
 .text.RCC_HSEConfig
                0x00000000       0x24 ..\obj\stm32f30x_rcc.o
 .text.RCC_WaitForHSEStartUp
                0x00000000       0x50 ..\obj\stm32f30x_rcc.o
 .text.RCC_AdjustHSICalibrationValue
                0x00000000       0x3c ..\obj\stm32f30x_rcc.o
 .text.RCC_HSICmd
                0x00000000       0x20 ..\obj\stm32f30x_rcc.o
 .text.RCC_LSEConfig
                0x00000000       0x3c ..\obj\stm32f30x_rcc.o
 .text.RCC_LSEDriveConfig
                0x00000000       0x30 ..\obj\stm32f30x_rcc.o
 .text.RCC_LSICmd
                0x00000000       0x20 ..\obj\stm32f30x_rcc.o
 .text.RCC_PLLConfig
                0x00000000       0x34 ..\obj\stm32f30x_rcc.o
 .text.RCC_PLLCmd
                0x00000000       0x20 ..\obj\stm32f30x_rcc.o
 .text.RCC_PREDIV1Config
                0x00000000       0x38 ..\obj\stm32f30x_rcc.o
 .text.RCC_ClockSecuritySystemCmd
                0x00000000       0x20 ..\obj\stm32f30x_rcc.o
 .text.RCC_MCOConfig
                0x00000000       0x20 ..\obj\stm32f30x_rcc.o
 .text.RCC_SYSCLKConfig
                0x00000000       0x38 ..\obj\stm32f30x_rcc.o
 .text.RCC_GetSYSCLKSource
                0x00000000       0x1c ..\obj\stm32f30x_rcc.o
 .text.RCC_HCLKConfig
                0x00000000       0x38 ..\obj\stm32f30x_rcc.o
 .text.RCC_PCLK1Config
                0x00000000       0x38 ..\obj\stm32f30x_rcc.o
 .text.RCC_PCLK2Config
                0x00000000       0x38 ..\obj\stm32f30x_rcc.o
 .text.RCC_ADCCLKConfig
                0x00000000       0x4c ..\obj\stm32f30x_rcc.o
 .text.RCC_I2CCLKConfig
                0x00000000       0x4c ..\obj\stm32f30x_rcc.o
 .text.RCC_TIMCLKConfig
                0x00000000       0x4c ..\obj\stm32f30x_rcc.o
 .text.RCC_USARTCLKConfig
                0x00000000       0x98 ..\obj\stm32f30x_rcc.o
 .text.RCC_USBCLKConfig
                0x00000000       0x1c ..\obj\stm32f30x_rcc.o
 .text.RCC_RTCCLKConfig
                0x00000000       0x24 ..\obj\stm32f30x_rcc.o
 .text.RCC_I2SCLKConfig
                0x00000000       0x1c ..\obj\stm32f30x_rcc.o
 .text.RCC_RTCCLKCmd
                0x00000000       0x20 ..\obj\stm32f30x_rcc.o
 .text.RCC_BackupResetCmd
                0x00000000       0x20 ..\obj\stm32f30x_rcc.o
 .text.RCC_APB2PeriphClockCmd
                0x00000000       0x3c ..\obj\stm32f30x_rcc.o
 .text.RCC_AHBPeriphResetCmd
                0x00000000       0x3c ..\obj\stm32f30x_rcc.o
 .text.RCC_APB2PeriphResetCmd
                0x00000000       0x3c ..\obj\stm32f30x_rcc.o
 .text.RCC_APB1PeriphResetCmd
                0x00000000       0x3c ..\obj\stm32f30x_rcc.o
 .text.RCC_ITConfig
                0x00000000       0x4c ..\obj\stm32f30x_rcc.o
 .text.RCC_GetFlagStatus
                0x00000000       0x80 ..\obj\stm32f30x_rcc.o
 .text.RCC_ClearFlag
                0x00000000       0x1c ..\obj\stm32f30x_rcc.o
 .text.RCC_GetITStatus
                0x00000000       0x34 ..\obj\stm32f30x_rcc.o
 .text.RCC_ClearITPendingBit
                0x00000000       0x20 ..\obj\stm32f30x_rcc.o
 .text          0x00000000        0x0 ..\obj\stm32f30x_comp.o
 .data          0x00000000        0x0 ..\obj\stm32f30x_comp.o
 .bss           0x00000000        0x0 ..\obj\stm32f30x_comp.o
 .text.COMP_DeInit
                0x00000000       0x24 ..\obj\stm32f30x_comp.o
 .text.COMP_Init
                0x00000000       0x68 ..\obj\stm32f30x_comp.o
 .text.COMP_StructInit
                0x00000000       0x3c ..\obj\stm32f30x_comp.o
 .text.COMP_Cmd
                0x00000000       0x50 ..\obj\stm32f30x_comp.o
 .text.COMP_SwitchCmd
                0x00000000       0x50 ..\obj\stm32f30x_comp.o
 .text.COMP_GetOutputLevel
                0x00000000       0x38 ..\obj\stm32f30x_comp.o
 .text.COMP_WindowCmd
                0x00000000       0x50 ..\obj\stm32f30x_comp.o
 .text.COMP_LockConfig
                0x00000000       0x2c ..\obj\stm32f30x_comp.o
 .debug_info    0x00000000      0x2c8 ..\obj\stm32f30x_comp.o
 .debug_abbrev  0x00000000      0x123 ..\obj\stm32f30x_comp.o
 .debug_aranges
                0x00000000       0x58 ..\obj\stm32f30x_comp.o
 .debug_ranges  0x00000000       0x48 ..\obj\stm32f30x_comp.o
 .debug_line    0x00000000      0x2b3 ..\obj\stm32f30x_comp.o
 .debug_str     0x00000000      0x2d0 ..\obj\stm32f30x_comp.o
 .comment       0x00000000       0x6f ..\obj\stm32f30x_comp.o
 .debug_frame   0x00000000      0x150 ..\obj\stm32f30x_comp.o
 .ARM.attributes
                0x00000000       0x33 ..\obj\stm32f30x_comp.o
 .text          0x00000000        0x0 ..\obj\stm32f30x_gpio.o
 .data          0x00000000        0x0 ..\obj\stm32f30x_gpio.o
 .bss           0x00000000        0x0 ..\obj\stm32f30x_gpio.o
 .text.GPIO_DeInit
                0x00000000       0xd8 ..\obj\stm32f30x_gpio.o
 .text.GPIO_StructInit
                0x00000000       0x34 ..\obj\stm32f30x_gpio.o
 .text.GPIO_PinLockConfig
                0x00000000       0x44 ..\obj\stm32f30x_gpio.o
 .text.GPIO_ReadInputDataBit
                0x00000000       0x38 ..\obj\stm32f30x_gpio.o
 .text.GPIO_ReadInputData
                0x00000000       0x18 ..\obj\stm32f30x_gpio.o
 .text.GPIO_ReadOutputDataBit
                0x00000000       0x38 ..\obj\stm32f30x_gpio.o
 .text.GPIO_ReadOutputData
                0x00000000       0x18 ..\obj\stm32f30x_gpio.o
 .text.GPIO_WriteBit
                0x00000000       0x30 ..\obj\stm32f30x_gpio.o
 .text.GPIO_Write
                0x00000000       0x1c ..\obj\stm32f30x_gpio.o
 .text          0x00000000        0x0 ..\obj\main.o
 .data          0x00000000        0x0 ..\obj\main.o
 .bss           0x00000000        0x0 ..\obj\main.o
 .text          0x00000000        0x0 ..\obj\stm32f30x_exti.o
 .data          0x00000000        0x0 ..\obj\stm32f30x_exti.o
 .bss           0x00000000        0x0 ..\obj\stm32f30x_exti.o
 .text.EXTI_DeInit
                0x00000000       0x5c ..\obj\stm32f30x_exti.o
 .text.EXTI_Init
                0x00000000      0x1f4 ..\obj\stm32f30x_exti.o
 .text.EXTI_StructInit
                0x00000000       0x2c ..\obj\stm32f30x_exti.o
 .text.EXTI_GenerateSWInterrupt
                0x00000000       0x40 ..\obj\stm32f30x_exti.o
 .text.EXTI_GetFlagStatus
                0x00000000       0x44 ..\obj\stm32f30x_exti.o
 .text.EXTI_ClearFlag
                0x00000000       0x30 ..\obj\stm32f30x_exti.o
 .text.EXTI_GetITStatus
                0x00000000       0x70 ..\obj\stm32f30x_exti.o
 .text.EXTI_ClearITPendingBit
                0x00000000       0x30 ..\obj\stm32f30x_exti.o
 .debug_info    0x00000000      0x3c4 ..\obj\stm32f30x_exti.o
 .debug_abbrev  0x00000000      0x17e ..\obj\stm32f30x_exti.o
 .debug_aranges
                0x00000000       0x58 ..\obj\stm32f30x_exti.o
 .debug_ranges  0x00000000       0x48 ..\obj\stm32f30x_exti.o
 .debug_line    0x00000000      0x2d1 ..\obj\stm32f30x_exti.o
 .debug_str     0x00000000      0x38a ..\obj\stm32f30x_exti.o
 .comment       0x00000000       0x6f ..\obj\stm32f30x_exti.o
 .debug_frame   0x00000000      0x148 ..\obj\stm32f30x_exti.o
 .ARM.attributes
                0x00000000       0x33 ..\obj\stm32f30x_exti.o
 .text          0x00000000        0x0 ..\obj\stm32f30x_spi.o
 .data          0x00000000        0x0 ..\obj\stm32f30x_spi.o
 .bss           0x00000000        0x0 ..\obj\stm32f30x_spi.o
 .text.SPI_I2S_DeInit
                0x00000000       0x74 ..\obj\stm32f30x_spi.o
 .text.SPI_StructInit
                0x00000000       0x4c ..\obj\stm32f30x_spi.o
 .text.SPI_Init
                0x00000000      0x114 ..\obj\stm32f30x_spi.o
 .text.I2S_StructInit
                0x00000000       0x38 ..\obj\stm32f30x_spi.o
 .text.I2S_Init
                0x00000000      0x17c ..\obj\stm32f30x_spi.o
 .text.SPI_Cmd  0x00000000       0x40 ..\obj\stm32f30x_spi.o
 .text.SPI_TIModeCmd
                0x00000000       0x40 ..\obj\stm32f30x_spi.o
 .text.I2S_Cmd  0x00000000       0x40 ..\obj\stm32f30x_spi.o
 .text.SPI_DataSizeConfig
                0x00000000       0x38 ..\obj\stm32f30x_spi.o
 .text.SPI_RxFIFOThresholdConfig
                0x00000000       0x38 ..\obj\stm32f30x_spi.o
 .text.SPI_BiDirectionalLineConfig
                0x00000000       0x40 ..\obj\stm32f30x_spi.o
 .text.SPI_NSSInternalSoftwareConfig
                0x00000000       0x44 ..\obj\stm32f30x_spi.o
 .text.I2S_FullDuplexConfig
                0x00000000       0x9c ..\obj\stm32f30x_spi.o
 .text.SPI_SSOutputCmd
                0x00000000       0x40 ..\obj\stm32f30x_spi.o
 .text.SPI_NSSPulseModeCmd
                0x00000000       0x40 ..\obj\stm32f30x_spi.o
 .text.SPI_SendData8
                0x00000000       0x2c ..\obj\stm32f30x_spi.o
 .text.SPI_I2S_SendData16
                0x00000000       0x1c ..\obj\stm32f30x_spi.o
 .text.SPI_ReceiveData8
                0x00000000       0x28 ..\obj\stm32f30x_spi.o
 .text.SPI_I2S_ReceiveData16
                0x00000000       0x18 ..\obj\stm32f30x_spi.o
 .text.SPI_CRCLengthConfig
                0x00000000       0x38 ..\obj\stm32f30x_spi.o
 .text.SPI_CalculateCRC
                0x00000000       0x40 ..\obj\stm32f30x_spi.o
 .text.SPI_TransmitCRC
                0x00000000       0x24 ..\obj\stm32f30x_spi.o
 .text.SPI_GetCRC
                0x00000000       0x30 ..\obj\stm32f30x_spi.o
 .text.SPI_GetCRCPolynomial
                0x00000000       0x18 ..\obj\stm32f30x_spi.o
 .text.SPI_I2S_DMACmd
                0x00000000       0x48 ..\obj\stm32f30x_spi.o
 .text.SPI_LastDMATransferCmd
                0x00000000       0x38 ..\obj\stm32f30x_spi.o
 .text.SPI_I2S_ITConfig
                0x00000000       0x60 ..\obj\stm32f30x_spi.o
 .text.SPI_GetTransmissionFIFOStatus
                0x00000000       0x20 ..\obj\stm32f30x_spi.o
 .text.SPI_GetReceptionFIFOStatus
                0x00000000       0x20 ..\obj\stm32f30x_spi.o
 .text.SPI_I2S_GetFlagStatus
                0x00000000       0x38 ..\obj\stm32f30x_spi.o
 .text.SPI_I2S_ClearFlag
                0x00000000       0x20 ..\obj\stm32f30x_spi.o
 .text.SPI_I2S_GetITStatus
                0x00000000       0x74 ..\obj\stm32f30x_spi.o
 .debug_info    0x00000000      0xb7a ..\obj\stm32f30x_spi.o
 .debug_abbrev  0x00000000      0x18b ..\obj\stm32f30x_spi.o
 .debug_aranges
                0x00000000      0x118 ..\obj\stm32f30x_spi.o
 .debug_ranges  0x00000000      0x108 ..\obj\stm32f30x_spi.o
 .debug_line    0x00000000      0x520 ..\obj\stm32f30x_spi.o
 .debug_str     0x00000000      0x7d1 ..\obj\stm32f30x_spi.o
 .comment       0x00000000       0x6f ..\obj\stm32f30x_spi.o
 .debug_frame   0x00000000      0x508 ..\obj\stm32f30x_spi.o
 .ARM.attributes
                0x00000000       0x33 ..\obj\stm32f30x_spi.o
 .text          0x00000000        0x0 ..\obj\stm32f30x_i2c.o
 .data          0x00000000        0x0 ..\obj\stm32f30x_i2c.o
 .bss           0x00000000        0x0 ..\obj\stm32f30x_i2c.o
 .text.I2C_DeInit
                0x00000000       0x48 ..\obj\stm32f30x_i2c.o
 .text.I2C_Init
                0x00000000       0xc8 ..\obj\stm32f30x_i2c.o
 .text.I2C_StructInit
                0x00000000       0x40 ..\obj\stm32f30x_i2c.o
 .text.I2C_Cmd  0x00000000       0x38 ..\obj\stm32f30x_i2c.o
 .text.I2C_SoftwareResetCmd
                0x00000000       0x30 ..\obj\stm32f30x_i2c.o
 .text.I2C_ITConfig
                0x00000000       0x3c ..\obj\stm32f30x_i2c.o
 .text.I2C_StretchClockCmd
                0x00000000       0x38 ..\obj\stm32f30x_i2c.o
 .text.I2C_StopModeCmd
                0x00000000       0x38 ..\obj\stm32f30x_i2c.o
 .text.I2C_DualAddressCmd
                0x00000000       0x38 ..\obj\stm32f30x_i2c.o
 .text.I2C_OwnAddress2Config
                0x00000000       0x4c ..\obj\stm32f30x_i2c.o
 .text.I2C_GeneralCallCmd
                0x00000000       0x38 ..\obj\stm32f30x_i2c.o
 .text.I2C_SlaveByteControlCmd
                0x00000000       0x38 ..\obj\stm32f30x_i2c.o
 .text.I2C_SlaveAddressConfig
                0x00000000       0x40 ..\obj\stm32f30x_i2c.o
 .text.I2C_10BitAddressingModeCmd
                0x00000000       0x38 ..\obj\stm32f30x_i2c.o
 .text.I2C_AutoEndCmd
                0x00000000       0x38 ..\obj\stm32f30x_i2c.o
 .text.I2C_ReloadCmd
                0x00000000       0x38 ..\obj\stm32f30x_i2c.o
 .text.I2C_NumberOfBytesConfig
                0x00000000       0x3c ..\obj\stm32f30x_i2c.o
 .text.I2C_MasterRequestConfig
                0x00000000       0x38 ..\obj\stm32f30x_i2c.o
 .text.I2C_GenerateSTART
                0x00000000       0x38 ..\obj\stm32f30x_i2c.o
 .text.I2C_GenerateSTOP
                0x00000000       0x38 ..\obj\stm32f30x_i2c.o
 .text.I2C_10BitAddressHeaderCmd
                0x00000000       0x38 ..\obj\stm32f30x_i2c.o
 .text.I2C_AcknowledgeConfig
                0x00000000       0x38 ..\obj\stm32f30x_i2c.o
 .text.I2C_GetAddressMatched
                0x00000000       0x20 ..\obj\stm32f30x_i2c.o
 .text.I2C_GetTransferDirection
                0x00000000       0x38 ..\obj\stm32f30x_i2c.o
 .text.I2C_TransferHandling
                0x00000000       0x58 ..\obj\stm32f30x_i2c.o
 .text.I2C_SMBusAlertCmd
                0x00000000       0x38 ..\obj\stm32f30x_i2c.o
 .text.I2C_ClockTimeoutCmd
                0x00000000       0x38 ..\obj\stm32f30x_i2c.o
 .text.I2C_ExtendedClockTimeoutCmd
                0x00000000       0x38 ..\obj\stm32f30x_i2c.o
 .text.I2C_IdleClockTimeoutCmd
                0x00000000       0x38 ..\obj\stm32f30x_i2c.o
 .text.I2C_TimeoutAConfig
                0x00000000       0x40 ..\obj\stm32f30x_i2c.o
 .text.I2C_TimeoutBConfig
                0x00000000       0x44 ..\obj\stm32f30x_i2c.o
 .text.I2C_CalculatePEC
                0x00000000       0x38 ..\obj\stm32f30x_i2c.o
 .text.I2C_PECRequestCmd
                0x00000000       0x38 ..\obj\stm32f30x_i2c.o
 .text.I2C_GetPEC
                0x00000000       0x18 ..\obj\stm32f30x_i2c.o
 .text.I2C_ReadRegister
                0x00000000       0x2c ..\obj\stm32f30x_i2c.o
 .text.I2C_SendData
                0x00000000       0x1c ..\obj\stm32f30x_i2c.o
 .text.I2C_ReceiveData
                0x00000000       0x18 ..\obj\stm32f30x_i2c.o
 .text.I2C_DMACmd
                0x00000000       0x3c ..\obj\stm32f30x_i2c.o
 .text.I2C_GetFlagStatus
                0x00000000       0x3c ..\obj\stm32f30x_i2c.o
 .text.I2C_ClearFlag
                0x00000000       0x1c ..\obj\stm32f30x_i2c.o
 .text.I2C_GetITStatus
                0x00000000       0x7c ..\obj\stm32f30x_i2c.o
 .text.I2C_ClearITPendingBit
                0x00000000       0x1c ..\obj\stm32f30x_i2c.o
 .debug_info    0x00000000      0xbe6 ..\obj\stm32f30x_i2c.o
 .debug_abbrev  0x00000000      0x180 ..\obj\stm32f30x_i2c.o
 .debug_aranges
                0x00000000      0x168 ..\obj\stm32f30x_i2c.o
 .debug_ranges  0x00000000      0x158 ..\obj\stm32f30x_i2c.o
 .debug_line    0x00000000      0x59b ..\obj\stm32f30x_i2c.o
 .debug_str     0x00000000      0x657 ..\obj\stm32f30x_i2c.o
 .comment       0x00000000       0x6f ..\obj\stm32f30x_i2c.o
 .debug_frame   0x00000000      0x69c ..\obj\stm32f30x_i2c.o
 .ARM.attributes
                0x00000000       0x33 ..\obj\stm32f30x_i2c.o
 .text          0x00000000        0x0 ..\obj\system_stm32f30x_temp.o
 .data          0x00000000       0x14 ..\obj\system_stm32f30x_temp.o
 .bss           0x00000000        0x0 ..\obj\system_stm32f30x_temp.o
 .text.SystemCoreClockUpdate1
                0x00000000       0xd4 ..\obj\system_stm32f30x_temp.o
 .text          0x00000000        0x0 ..\obj\stm32f30x_misc.o
 .data          0x00000000        0x0 ..\obj\stm32f30x_misc.o
 .bss           0x00000000        0x0 ..\obj\stm32f30x_misc.o
 .text.NVIC_PriorityGroupConfig
                0x00000000       0x24 ..\obj\stm32f30x_misc.o
 .text.NVIC_Init
                0x00000000       0xc4 ..\obj\stm32f30x_misc.o
 .text.NVIC_SetVectorTable
                0x00000000       0x2c ..\obj\stm32f30x_misc.o
 .text.NVIC_SystemLPConfig
                0x00000000       0x40 ..\obj\stm32f30x_misc.o
 .text.SysTick_CLKSourceConfig
                0x00000000       0x38 ..\obj\stm32f30x_misc.o
 .debug_info    0x00000000      0x556 ..\obj\stm32f30x_misc.o
 .debug_abbrev  0x00000000      0x147 ..\obj\stm32f30x_misc.o
 .debug_aranges
                0x00000000       0x40 ..\obj\stm32f30x_misc.o
 .debug_ranges  0x00000000       0x30 ..\obj\stm32f30x_misc.o
 .debug_line    0x00000000      0x272 ..\obj\stm32f30x_misc.o
 .debug_str     0x00000000      0x3d8 ..\obj\stm32f30x_misc.o
 .comment       0x00000000       0x6f ..\obj\stm32f30x_misc.o
 .debug_frame   0x00000000       0xd8 ..\obj\stm32f30x_misc.o
 .ARM.attributes
                0x00000000       0x33 ..\obj\stm32f30x_misc.o
 .text          0x00000000        0x0 ..\obj\stm32f30x_tim.o
 .data          0x00000000        0x0 ..\obj\stm32f30x_tim.o
 .bss           0x00000000        0x0 ..\obj\stm32f30x_tim.o
 .text.TIM_DeInit
                0x00000000      0x14c ..\obj\stm32f30x_tim.o
 .text.TIM_TimeBaseInit
                0x00000000       0xec ..\obj\stm32f30x_tim.o
 .text.TIM_TimeBaseStructInit
                0x00000000       0x34 ..\obj\stm32f30x_tim.o
 .text.TIM_PrescalerConfig
                0x00000000       0x28 ..\obj\stm32f30x_tim.o
 .text.TIM_CounterModeConfig
                0x00000000       0x38 ..\obj\stm32f30x_tim.o
 .text.TIM_SetCounter
                0x00000000       0x1c ..\obj\stm32f30x_tim.o
 .text.TIM_SetAutoreload
                0x00000000       0x1c ..\obj\stm32f30x_tim.o
 .text.TIM_GetCounter
                0x00000000       0x18 ..\obj\stm32f30x_tim.o
 .text.TIM_GetPrescaler
                0x00000000       0x18 ..\obj\stm32f30x_tim.o
 .text.TIM_UpdateDisableConfig
                0x00000000       0x40 ..\obj\stm32f30x_tim.o
 .text.TIM_UpdateRequestConfig
                0x00000000       0x40 ..\obj\stm32f30x_tim.o
 .text.TIM_UIFRemap
                0x00000000       0x40 ..\obj\stm32f30x_tim.o
 .text.TIM_ARRPreloadConfig
                0x00000000       0x40 ..\obj\stm32f30x_tim.o
 .text.TIM_SelectOnePulseMode
                0x00000000       0x38 ..\obj\stm32f30x_tim.o
 .text.TIM_SetClockDivision
                0x00000000       0x38 ..\obj\stm32f30x_tim.o
 .text.TIM_Cmd  0x00000000       0x40 ..\obj\stm32f30x_tim.o
 .text.TIM_OC1Init
                0x00000000      0x124 ..\obj\stm32f30x_tim.o
 .text.TIM_OC2Init
                0x00000000      0x100 ..\obj\stm32f30x_tim.o
 .text.TIM_OC3Init
                0x00000000       0xfc ..\obj\stm32f30x_tim.o
 .text.TIM_OC4Init
                0x00000000       0xc0 ..\obj\stm32f30x_tim.o
 .text.TIM_OC5Init
                0x00000000       0xb8 ..\obj\stm32f30x_tim.o
 .text.TIM_OC6Init
                0x00000000       0xac ..\obj\stm32f30x_tim.o
 .text.TIM_SelectGC5C1
                0x00000000       0x38 ..\obj\stm32f30x_tim.o
 .text.TIM_SelectGC5C2
                0x00000000       0x38 ..\obj\stm32f30x_tim.o
 .text.TIM_SelectGC5C3
                0x00000000       0x38 ..\obj\stm32f30x_tim.o
 .text.TIM_OCStructInit
                0x00000000       0x44 ..\obj\stm32f30x_tim.o
 .text.TIM_SelectOCxM
                0x00000000       0xac ..\obj\stm32f30x_tim.o
 .text.TIM_SetCompare1
                0x00000000       0x1c ..\obj\stm32f30x_tim.o
 .text.TIM_SetCompare2
                0x00000000       0x1c ..\obj\stm32f30x_tim.o
 .text.TIM_SetCompare3
                0x00000000       0x1c ..\obj\stm32f30x_tim.o
 .text.TIM_SetCompare4
                0x00000000       0x1c ..\obj\stm32f30x_tim.o
 .text.TIM_SetCompare5
                0x00000000       0x1c ..\obj\stm32f30x_tim.o
 .text.TIM_SetCompare6
                0x00000000       0x1c ..\obj\stm32f30x_tim.o
 .text.TIM_ForcedOC1Config
                0x00000000       0x3c ..\obj\stm32f30x_tim.o
 .text.TIM_ForcedOC2Config
                0x00000000       0x3c ..\obj\stm32f30x_tim.o
 .text.TIM_ForcedOC3Config
                0x00000000       0x38 ..\obj\stm32f30x_tim.o
 .text.TIM_ForcedOC4Config
                0x00000000       0x38 ..\obj\stm32f30x_tim.o
 .text.TIM_ForcedOC5Config
                0x00000000       0x38 ..\obj\stm32f30x_tim.o
 .text.TIM_ForcedOC6Config
                0x00000000       0x38 ..\obj\stm32f30x_tim.o
 .text.TIM_OC1PreloadConfig
                0x00000000       0x38 ..\obj\stm32f30x_tim.o
 .text.TIM_OC2PreloadConfig
                0x00000000       0x38 ..\obj\stm32f30x_tim.o
 .text.TIM_OC3PreloadConfig
                0x00000000       0x38 ..\obj\stm32f30x_tim.o
 .text.TIM_OC4PreloadConfig
                0x00000000       0x38 ..\obj\stm32f30x_tim.o
 .text.TIM_OC5PreloadConfig
                0x00000000       0x38 ..\obj\stm32f30x_tim.o
 .text.TIM_OC6PreloadConfig
                0x00000000       0x38 ..\obj\stm32f30x_tim.o
 .text.TIM_OC1FastConfig
                0x00000000       0x38 ..\obj\stm32f30x_tim.o
 .text.TIM_OC2FastConfig
                0x00000000       0x38 ..\obj\stm32f30x_tim.o
 .text.TIM_OC3FastConfig
                0x00000000       0x38 ..\obj\stm32f30x_tim.o
 .text.TIM_OC4FastConfig
                0x00000000       0x38 ..\obj\stm32f30x_tim.o
 .text.TIM_ClearOC1Ref
                0x00000000       0x38 ..\obj\stm32f30x_tim.o
 .text.TIM_ClearOC2Ref
                0x00000000       0x38 ..\obj\stm32f30x_tim.o
 .text.TIM_ClearOC3Ref
                0x00000000       0x38 ..\obj\stm32f30x_tim.o
 .text.TIM_ClearOC4Ref
                0x00000000       0x38 ..\obj\stm32f30x_tim.o
 .text.TIM_ClearOC5Ref
                0x00000000       0x38 ..\obj\stm32f30x_tim.o
 .text.TIM_ClearOC6Ref
                0x00000000       0x38 ..\obj\stm32f30x_tim.o
 .text.TIM_SelectOCREFClear
                0x00000000       0x30 ..\obj\stm32f30x_tim.o
 .text.TIM_OC1PolarityConfig
                0x00000000       0x38 ..\obj\stm32f30x_tim.o
 .text.TIM_OC1NPolarityConfig
                0x00000000       0x38 ..\obj\stm32f30x_tim.o
 .text.TIM_OC2PolarityConfig
                0x00000000       0x38 ..\obj\stm32f30x_tim.o
 .text.TIM_OC2NPolarityConfig
                0x00000000       0x38 ..\obj\stm32f30x_tim.o
 .text.TIM_OC3PolarityConfig
                0x00000000       0x38 ..\obj\stm32f30x_tim.o
 .text.TIM_OC3NPolarityConfig
                0x00000000       0x38 ..\obj\stm32f30x_tim.o
 .text.TIM_OC4PolarityConfig
                0x00000000       0x38 ..\obj\stm32f30x_tim.o
 .text.TIM_OC5PolarityConfig
                0x00000000       0x38 ..\obj\stm32f30x_tim.o
 .text.TIM_OC6PolarityConfig
                0x00000000       0x38 ..\obj\stm32f30x_tim.o
 .text.TIM_CCxCmd
                0x00000000       0x48 ..\obj\stm32f30x_tim.o
 .text.TIM_CCxNCmd
                0x00000000       0x48 ..\obj\stm32f30x_tim.o
 .text.TIM_ICInit
                0x00000000       0xa8 ..\obj\stm32f30x_tim.o
 .text.TIM_ICStructInit
                0x00000000       0x30 ..\obj\stm32f30x_tim.o
 .text.TIM_PWMIConfig
                0x00000000       0xb8 ..\obj\stm32f30x_tim.o
 .text.TIM_GetCapture1
                0x00000000       0x18 ..\obj\stm32f30x_tim.o
 .text.TIM_GetCapture2
                0x00000000       0x18 ..\obj\stm32f30x_tim.o
 .text.TIM_GetCapture3
                0x00000000       0x18 ..\obj\stm32f30x_tim.o
 .text.TIM_GetCapture4
                0x00000000       0x18 ..\obj\stm32f30x_tim.o
 .text.TIM_SetIC1Prescaler
                0x00000000       0x30 ..\obj\stm32f30x_tim.o
 .text.TIM_SetIC2Prescaler
                0x00000000       0x30 ..\obj\stm32f30x_tim.o
 .text.TIM_SetIC3Prescaler
                0x00000000       0x30 ..\obj\stm32f30x_tim.o
 .text.TIM_SetIC4Prescaler
                0x00000000       0x34 ..\obj\stm32f30x_tim.o
 .text.TIM_BDTRConfig
                0x00000000       0x50 ..\obj\stm32f30x_tim.o
 .text.TIM_Break1Config
                0x00000000       0x38 ..\obj\stm32f30x_tim.o
 .text.TIM_Break2Config
                0x00000000       0x38 ..\obj\stm32f30x_tim.o
 .text.TIM_Break1Cmd
                0x00000000       0x38 ..\obj\stm32f30x_tim.o
 .text.TIM_Break2Cmd
                0x00000000       0x38 ..\obj\stm32f30x_tim.o
 .text.TIM_BDTRStructInit
                0x00000000       0x3c ..\obj\stm32f30x_tim.o
 .text.TIM_CtrlPWMOutputs
                0x00000000       0x38 ..\obj\stm32f30x_tim.o
 .text.TIM_SelectCOM
                0x00000000       0x38 ..\obj\stm32f30x_tim.o
 .text.TIM_CCPreloadControl
                0x00000000       0x38 ..\obj\stm32f30x_tim.o
 .text.TIM_ITConfig
                0x00000000       0x40 ..\obj\stm32f30x_tim.o
 .text.TIM_GenerateEvent
                0x00000000       0x1c ..\obj\stm32f30x_tim.o
 .text.TIM_GetFlagStatus
                0x00000000       0x30 ..\obj\stm32f30x_tim.o
 .text.TIM_ClearFlag
                0x00000000       0x24 ..\obj\stm32f30x_tim.o
 .text.TIM_GetITStatus
                0x00000000       0x54 ..\obj\stm32f30x_tim.o
 .text.TIM_ClearITPendingBit
                0x00000000       0x24 ..\obj\stm32f30x_tim.o
 .text.TIM_DMAConfig
                0x00000000       0x28 ..\obj\stm32f30x_tim.o
 .text.TIM_DMACmd
                0x00000000       0x40 ..\obj\stm32f30x_tim.o
 .text.TIM_SelectCCDMA
                0x00000000       0x38 ..\obj\stm32f30x_tim.o
 .text.TIM_InternalClockConfig
                0x00000000       0x20 ..\obj\stm32f30x_tim.o
 .text.TIM_ITRxExternalClockConfig
                0x00000000       0x2c ..\obj\stm32f30x_tim.o
 .text.TIM_TIxExternalClockConfig
                0x00000000       0x58 ..\obj\stm32f30x_tim.o
 .text.TIM_ETRClockMode1Config
                0x00000000       0x60 ..\obj\stm32f30x_tim.o
 .text.TIM_ETRClockMode2Config
                0x00000000       0x3c ..\obj\stm32f30x_tim.o
 .text.TIM_SelectInputTrigger
                0x00000000       0x38 ..\obj\stm32f30x_tim.o
 .text.TIM_SelectOutputTrigger
                0x00000000       0x30 ..\obj\stm32f30x_tim.o
 .text.TIM_SelectOutputTrigger2
                0x00000000       0x2c ..\obj\stm32f30x_tim.o
 .text.TIM_SelectSlaveMode
                0x00000000       0x30 ..\obj\stm32f30x_tim.o
 .text.TIM_SelectMasterSlaveMode
                0x00000000       0x30 ..\obj\stm32f30x_tim.o
 .text.TIM_ETRConfig
                0x00000000       0x54 ..\obj\stm32f30x_tim.o
 .text.TIM_EncoderInterfaceConfig
                0x00000000       0x98 ..\obj\stm32f30x_tim.o
 .text.TIM_SelectHallSensor
                0x00000000       0x38 ..\obj\stm32f30x_tim.o
 .text.TIM_RemapConfig
                0x00000000       0x20 ..\obj\stm32f30x_tim.o
 .text.TI1_Config
                0x00000000       0x80 ..\obj\stm32f30x_tim.o
 .text.TI2_Config
                0x00000000       0x98 ..\obj\stm32f30x_tim.o
 .text.TI3_Config
                0x00000000       0x8c ..\obj\stm32f30x_tim.o
 .text.TI4_Config
                0x00000000       0x9c ..\obj\stm32f30x_tim.o
 .debug_info    0x00000000     0x218c ..\obj\stm32f30x_tim.o
 .debug_abbrev  0x00000000      0x189 ..\obj\stm32f30x_tim.o
 .debug_aranges
                0x00000000      0x3a8 ..\obj\stm32f30x_tim.o
 .debug_ranges  0x00000000      0x398 ..\obj\stm32f30x_tim.o
 .debug_line    0x00000000      0xcc6 ..\obj\stm32f30x_tim.o
 .debug_str     0x00000000      0xf81 ..\obj\stm32f30x_tim.o
 .comment       0x00000000       0x6f ..\obj\stm32f30x_tim.o
 .debug_frame   0x00000000     0x11c4 ..\obj\stm32f30x_tim.o
 .ARM.attributes
                0x00000000       0x33 ..\obj\stm32f30x_tim.o
 .text          0x00000000       0x14 ..\obj\startup_stm32f30x.o
 .data          0x00000000        0x0 ..\obj\startup_stm32f30x.o
 .bss           0x00000000        0x0 ..\obj\startup_stm32f30x.o
 .text          0x00000000        0x0 ..\obj\stm32f30x_syscfg.o
 .data          0x00000000        0x0 ..\obj\stm32f30x_syscfg.o
 .bss           0x00000000        0x0 ..\obj\stm32f30x_syscfg.o
 .text.SYSCFG_DeInit
                0x00000000       0x4c ..\obj\stm32f30x_syscfg.o
 .text.SYSCFG_MemoryRemapConfig
                0x00000000       0x38 ..\obj\stm32f30x_syscfg.o
 .text.SYSCFG_DMAChannelRemapConfig
                0x00000000       0x3c ..\obj\stm32f30x_syscfg.o
 .text.SYSCFG_TriggerRemapConfig
                0x00000000       0x3c ..\obj\stm32f30x_syscfg.o
 .text.SYSCFG_EncoderRemapConfig
                0x00000000       0x30 ..\obj\stm32f30x_syscfg.o
 .text.SYSCFG_USBInterruptLineRemapCmd
                0x00000000       0x20 ..\obj\stm32f30x_syscfg.o
 .text.SYSCFG_I2CFastModePlusConfig
                0x00000000       0x3c ..\obj\stm32f30x_syscfg.o
 .text.SYSCFG_ITConfig
                0x00000000       0x3c ..\obj\stm32f30x_syscfg.o
 .text.SYSCFG_EXTILineConfig
                0x00000000       0x84 ..\obj\stm32f30x_syscfg.o
 .text.SYSCFG_BreakConfig
                0x00000000       0x24 ..\obj\stm32f30x_syscfg.o
 .text.SYSCFG_BypassParityCheckDisable
                0x00000000       0x18 ..\obj\stm32f30x_syscfg.o
 .text.SYSCFG_SRAMWRPEnable
                0x00000000       0x24 ..\obj\stm32f30x_syscfg.o
 .text.SYSCFG_GetFlagStatus
                0x00000000       0x34 ..\obj\stm32f30x_syscfg.o
 .text.SYSCFG_ClearFlag
                0x00000000       0x24 ..\obj\stm32f30x_syscfg.o
 .debug_info    0x00000000      0x3ce ..\obj\stm32f30x_syscfg.o
 .debug_abbrev  0x00000000      0x183 ..\obj\stm32f30x_syscfg.o
 .debug_aranges
                0x00000000       0x88 ..\obj\stm32f30x_syscfg.o
 .debug_ranges  0x00000000       0x78 ..\obj\stm32f30x_syscfg.o
 .debug_line    0x00000000      0x2d2 ..\obj\stm32f30x_syscfg.o
 .debug_str     0x00000000      0x40a ..\obj\stm32f30x_syscfg.o
 .comment       0x00000000       0x6f ..\obj\stm32f30x_syscfg.o
 .debug_frame   0x00000000      0x230 ..\obj\stm32f30x_syscfg.o
 .ARM.attributes
                0x00000000       0x33 ..\obj\stm32f30x_syscfg.o
 .text          0x00000000        0x0 ..\obj\stm32f30x_usart.o
 .data          0x00000000        0x0 ..\obj\stm32f30x_usart.o
 .bss           0x00000000        0x0 ..\obj\stm32f30x_usart.o
 .text.USART_DeInit
                0x00000000       0xb8 ..\obj\stm32f30x_usart.o
 .text.USART_StructInit
                0x00000000       0x38 ..\obj\stm32f30x_usart.o
 .text.USART_ClockInit
                0x00000000       0x48 ..\obj\stm32f30x_usart.o
 .text.USART_ClockStructInit
                0x00000000       0x2c ..\obj\stm32f30x_usart.o
 .text.USART_DirectionModeCmd
                0x00000000       0x3c ..\obj\stm32f30x_usart.o
 .text.USART_OverSampling8Cmd
                0x00000000       0x38 ..\obj\stm32f30x_usart.o
 .text.USART_OneBitMethodCmd
                0x00000000       0x38 ..\obj\stm32f30x_usart.o
 .text.USART_MSBFirstCmd
                0x00000000       0x38 ..\obj\stm32f30x_usart.o
 .text.USART_DataInvCmd
                0x00000000       0x38 ..\obj\stm32f30x_usart.o
 .text.USART_InvPinCmd
                0x00000000       0x3c ..\obj\stm32f30x_usart.o
 .text.USART_SWAPPinCmd
                0x00000000       0x38 ..\obj\stm32f30x_usart.o
 .text.USART_ReceiverTimeOutCmd
                0x00000000       0x38 ..\obj\stm32f30x_usart.o
 .text.USART_SetReceiverTimeOut
                0x00000000       0x2c ..\obj\stm32f30x_usart.o
 .text.USART_SetPrescaler
                0x00000000       0x38 ..\obj\stm32f30x_usart.o
 .text.USART_STOPModeCmd
                0x00000000       0x38 ..\obj\stm32f30x_usart.o
 .text.USART_StopModeWakeUpSourceConfig
                0x00000000       0x2c ..\obj\stm32f30x_usart.o
 .text.USART_AutoBaudRateCmd
                0x00000000       0x38 ..\obj\stm32f30x_usart.o
 .text.USART_AutoBaudRateConfig
                0x00000000       0x2c ..\obj\stm32f30x_usart.o
 .text.USART_SendData
                0x00000000       0x24 ..\obj\stm32f30x_usart.o
 .text.USART_ReceiveData
                0x00000000       0x20 ..\obj\stm32f30x_usart.o
 .text.USART_SetAddress
                0x00000000       0x30 ..\obj\stm32f30x_usart.o
 .text.USART_MuteModeCmd
                0x00000000       0x38 ..\obj\stm32f30x_usart.o
 .text.USART_MuteModeWakeUpConfig
                0x00000000       0x2c ..\obj\stm32f30x_usart.o
 .text.USART_AddressDetectionConfig
                0x00000000       0x2c ..\obj\stm32f30x_usart.o
 .text.USART_LINBreakDetectLengthConfig
                0x00000000       0x2c ..\obj\stm32f30x_usart.o
 .text.USART_LINCmd
                0x00000000       0x38 ..\obj\stm32f30x_usart.o
 .text.USART_HalfDuplexCmd
                0x00000000       0x38 ..\obj\stm32f30x_usart.o
 .text.USART_SetGuardTime
                0x00000000       0x3c ..\obj\stm32f30x_usart.o
 .text.USART_SmartCardCmd
                0x00000000       0x38 ..\obj\stm32f30x_usart.o
 .text.USART_SmartCardNACKCmd
                0x00000000       0x38 ..\obj\stm32f30x_usart.o
 .text.USART_SetAutoRetryCount
                0x00000000       0x30 ..\obj\stm32f30x_usart.o
 .text.USART_SetBlockLength
                0x00000000       0x30 ..\obj\stm32f30x_usart.o
 .text.USART_IrDAConfig
                0x00000000       0x2c ..\obj\stm32f30x_usart.o
 .text.USART_IrDACmd
                0x00000000       0x38 ..\obj\stm32f30x_usart.o
 .text.USART_DECmd
                0x00000000       0x38 ..\obj\stm32f30x_usart.o
 .text.USART_DEPolarityConfig
                0x00000000       0x2c ..\obj\stm32f30x_usart.o
 .text.USART_SetDEAssertionTime
                0x00000000       0x30 ..\obj\stm32f30x_usart.o
 .text.USART_SetDEDeassertionTime
                0x00000000       0x30 ..\obj\stm32f30x_usart.o
 .text.USART_DMACmd
                0x00000000       0x3c ..\obj\stm32f30x_usart.o
 .text.USART_DMAReceptionErrorConfig
                0x00000000       0x2c ..\obj\stm32f30x_usart.o
 .text.USART_ITConfig
                0x00000000       0x80 ..\obj\stm32f30x_usart.o
 .text.USART_RequestCmd
                0x00000000       0x48 ..\obj\stm32f30x_usart.o
 .text.USART_OverrunDetectionConfig
                0x00000000       0x2c ..\obj\stm32f30x_usart.o
 .text.USART_GetFlagStatus
                0x00000000       0x30 ..\obj\stm32f30x_usart.o
 .text.USART_ClearFlag
                0x00000000       0x1c ..\obj\stm32f30x_usart.o
 .text.USART_GetITStatus
                0x00000000       0x9c ..\obj\stm32f30x_usart.o
 .text.USART_ClearITPendingBit
                0x00000000       0x34 ..\obj\stm32f30x_usart.o

Memory Configuration

Name             Origin             Length             Attributes
rom              0x08000000         0x00040000         xr
ram              0x20000000         0x0000a000         xrw
ram1             0x10000000         0x00002000         xrw
*default*        0x00000000         0xffffffff

Linker script and memory map

                0x2000a000                _eram = 0x2000a000

.text           0x08000000      0xdbc
 *(.isr_vector)
 .isr_vector    0x08000000      0x188 ..\obj\startup_stm32f30x.o
                0x08000000                g_pfnVectors
 *(.text*)
 .text.NVIC_SetPriority
                0x08000188       0x54 ..\obj\delay.o
 .text.SysTick_Config
                0x080001dc       0x44 ..\obj\delay.o
 .text.Delay_init
                0x08000220       0x28 ..\obj\delay.o
                0x08000220                Delay_init
 .text.SysTick_Handler
                0x08000248        0xc ..\obj\delay.o
                0x08000248                SysTick_Handler
 .text.Delay_ms
                0x08000254       0x28 ..\obj\delay.o
                0x08000254                Delay_ms
 .text.TimingDelay_Decrement
                0x0800027c       0x24 ..\obj\delay.o
                0x0800027c                TimingDelay_Decrement
 .text.RCC_GetClocksFreq
                0x080002a0      0x414 ..\obj\stm32f30x_rcc.o
                0x080002a0                RCC_GetClocksFreq
 .text.RCC_AHBPeriphClockCmd
                0x080006b4       0x3c ..\obj\stm32f30x_rcc.o
                0x080006b4                RCC_AHBPeriphClockCmd
 .text.RCC_APB1PeriphClockCmd
                0x080006f0       0x3c ..\obj\stm32f30x_rcc.o
                0x080006f0                RCC_APB1PeriphClockCmd
 .text.GPIO_Init
                0x0800072c      0x12c ..\obj\stm32f30x_gpio.o
                0x0800072c                GPIO_Init
 .text.GPIO_SetBits
                0x08000858       0x1c ..\obj\stm32f30x_gpio.o
                0x08000858                GPIO_SetBits
 .text.GPIO_ResetBits
                0x08000874       0x1c ..\obj\stm32f30x_gpio.o
                0x08000874                GPIO_ResetBits
 .text.GPIO_PinAFConfig
                0x08000890       0x90 ..\obj\stm32f30x_gpio.o
                0x08000890                GPIO_PinAFConfig
 .text.init_USART
                0x08000920       0xa0 ..\obj\main.o
                0x08000920                init_USART
 .text.main     0x080009c0       0xa0 ..\obj\main.o
                0x080009c0                main
 .text.SystemInit1
                0x08000a60       0x84 ..\obj\system_stm32f30x_temp.o
                0x08000a60                SystemInit
                0x08000a60                SystemInit1
 .text.SetSysClock1
                0x08000ae4       0xe0 ..\obj\system_stm32f30x_temp.o
                0x08000ae4                SetSysClock
 .text.Reset_Handler
                0x08000bc4       0x44 ..\obj\startup_stm32f30x.o
                0x08000bc4                Reset_Handler
 .text.Default_Handler
                0x08000c08        0x2 ..\obj\startup_stm32f30x.o
                0x08000c08                RTC_Alarm_IRQHandler
                0x08000c08                TIM8_TRG_COM_IRQHandler
                0x08000c08                TIM8_CC_IRQHandler
                0x08000c08                DebugMon_Handler
                0x08000c08                TIM1_CC_IRQHandler
                0x08000c08                HardFault_Handler
                0x08000c08                USB_HP_IRQHandler
                0x08000c08                PVD_IRQHandler
                0x08000c08                PendSV_Handler
                0x08000c08                NMI_Handler
                0x08000c08                EXTI3_IRQHandler
                0x08000c08                EXTI0_IRQHandler
                0x08000c08                I2C2_EV_IRQHandler
                0x08000c08                FPU_IRQHandler
                0x08000c08                EXTI2_TS_IRQHandler
                0x08000c08                TIM1_UP_TIM16_IRQHandler
                0x08000c08                UsageFault_Handler
                0x08000c08                ADC1_2_IRQHandler
                0x08000c08                SPI1_IRQHandler
                0x08000c08                TIM6_DAC_IRQHandler
                0x08000c08                TIM8_UP_IRQHandler
                0x08000c08                DMA2_Channel2_IRQHandler
                0x08000c08                DMA1_Channel4_IRQHandler
                0x08000c08                USART3_IRQHandler
                0x08000c08                DMA1_Channel7_IRQHandler
                0x08000c08                CAN1_RX1_IRQHandler
                0x08000c08                UART5_IRQHandler
                0x08000c08                ADC3_IRQHandler
                0x08000c08                TIM4_IRQHandler
                0x08000c08                DMA2_Channel1_IRQHandler
                0x08000c08                I2C1_EV_IRQHandler
                0x08000c08                DMA1_Channel6_IRQHandler
                0x08000c08                UART4_IRQHandler
                0x08000c08                DMA2_Channel4_IRQHandler
                0x08000c08                TIM3_IRQHandler
                0x08000c08                RCC_IRQHandler
                0x08000c08                DMA1_Channel1_IRQHandler
                0x08000c08                Default_Handler
                0x08000c08                USBWakeUp_RMP_IRQHandler
                0x08000c08                EXTI15_10_IRQHandler
                0x08000c08                TIM7_IRQHandler
                0x08000c08                EXTI9_5_IRQHandler
                0x08000c08                TAMPER_STAMP_IRQHandler
                0x08000c08                RTC_WKUP_IRQHandler
                0x08000c08                SPI2_IRQHandler
                0x08000c08                MemManage_Handler
                0x08000c08                SVC_Handler
                0x08000c08                DMA2_Channel5_IRQHandler
                0x08000c08                DMA1_Channel5_IRQHandler
                0x08000c08                USB_LP_IRQHandler
                0x08000c08                EXTI4_IRQHandler
                0x08000c08                USB_LP_CAN1_RX0_IRQHandler
                0x08000c08                TIM1_TRG_COM_TIM17_IRQHandler
                0x08000c08                USB_HP_CAN1_TX_IRQHandler
                0x08000c08                DMA1_Channel3_IRQHandler
                0x08000c08                ADC4_IRQHandler
                0x08000c08                WWDG_IRQHandler
                0x08000c08                TIM2_IRQHandler
                0x08000c08                COMP7_IRQHandler
                0x08000c08                COMP1_2_3_IRQHandler
                0x08000c08                EXTI1_IRQHandler
                0x08000c08                USART2_IRQHandler
                0x08000c08                COMP4_5_6_IRQHandler
                0x08000c08                I2C2_ER_IRQHandler
                0x08000c08                DMA1_Channel2_IRQHandler
                0x08000c08                TIM8_BRK_IRQHandler
                0x08000c08                CAN1_SCE_IRQHandler
                0x08000c08                FLASH_IRQHandler
                0x08000c08                BusFault_Handler
                0x08000c08                USART1_IRQHandler
                0x08000c08                SPI3_IRQHandler
                0x08000c08                I2C1_ER_IRQHandler
                0x08000c08                USBWakeUp_IRQHandler
                0x08000c08                DMA2_Channel3_IRQHandler
                0x08000c08                TIM1_BRK_TIM15_IRQHandler
 *fill*         0x08000c0a        0x2 
 .text.USART_Init
                0x08000c0c      0x178 ..\obj\stm32f30x_usart.o
                0x08000c0c                USART_Init
 .text.USART_Cmd
                0x08000d84       0x38 ..\obj\stm32f30x_usart.o
                0x08000d84                USART_Cmd
 *(.init)
 *(.fini)
 *crtbegin.o(.ctors)
 *crtbegin?.o(.ctors)
 *(EXCLUDE_FILE(*crtend.o *crtend?.o) .ctors)
 *(SORT(.ctors.*))
 *(.ctors)
 *crtbegin.o(.dtors)
 *crtbegin?.o(.dtors)
 *(EXCLUDE_FILE(*crtend.o *crtend?.o) .dtors)
 *(SORT(.dtors.*))
 *(.dtors)
 *(.rodata*)
 *(.eh_fram e*)

.glue_7         0x08000dbc        0x0
 .glue_7        0x08000dbc        0x0 linker stubs

.glue_7t        0x08000dbc        0x0
 .glue_7t       0x08000dbc        0x0 linker stubs

.vfp11_veneer   0x08000dbc        0x0
 .vfp11_veneer  0x08000dbc        0x0 linker stubs

.v4_bx          0x08000dbc        0x0
 .v4_bx         0x08000dbc        0x0 linker stubs

.iplt           0x08000dbc        0x0
 .iplt          0x08000dbc        0x0 ..\obj\delay.o

.rel.dyn        0x08000dbc        0x0
 .rel.iplt      0x08000dbc        0x0 ..\obj\delay.o

.ARM.extab
 *(.ARM.extab* .gnu.linkonce.armextab.*)
                0x08000dbc                __exidx_start = .

.ARM.exidx
 *(.ARM.exidx* .gnu.linkonce.armexidx.*)
                0x08000dbc                __exidx_end = .
                0x08000dbc                __etext = .
                0x08000dbc                _sidata = __etext

.data           0x20000000       0x2c load address 0x08000dbc
                0x20000000                __data_start__ = .
                0x20000000                _sdata = __data_start__
 *(vtable)
 *(.data*)
 .data          0x20000000       0x2a ..\obj\stm32f30x_rcc.o
                0x2000002c                . = ALIGN (0x4)
 *fill*         0x2000002a        0x2 
                [!provide]                PROVIDE (__preinit_array_start, .)
 *(.preinit_array)
                [!provide]                PROVIDE (__preinit_array_end, .)
                0x2000002c                . = ALIGN (0x4)
                [!provide]                PROVIDE (__init_array_start, .)
 *(SORT(.init_array.*))
 *(.init_array)
                [!provide]                PROVIDE (__init_array_end, .)
                0x2000002c                . = ALIGN (0x4)
                [!provide]                PROVIDE (__fini_array_start, .)
 *(SORT(.fini_array.*))
 *(.fini_array)
                [!provide]                PROVIDE (__fini_array_end, .)
 *(.jcr*)
                0x2000002c                . = ALIGN (0x4)
                0x2000002c                __data_end__ = .
                0x2000002c                _edata = __data_end__

.igot.plt       0x2000002c        0x0 load address 0x08000de8
 .igot.plt      0x2000002c        0x0 ..\obj\delay.o

.bss            0x2000002c       0x40 load address 0x08000de8
                0x2000002c                . = ALIGN (0x4)
                0x2000002c                __bss_start__ = .
                0x2000002c                _sbss = __bss_start__
 *(.bss*)
 .bss           0x2000002c        0x4 ..\obj\delay.o
                0x2000002c                TimingDelay
 *(COMMON)
 COMMON         0x20000030       0x3c ..\obj\delay.o
                0x20000030                RCC_Clocks
                0x2000006c                . = ALIGN (0x4)
                0x2000006c                __bss_end__ = .
                0x2000006c                _ebss = __bss_end__

.heap           0x2000006c        0x0
                0x2000006c                __end__ = .
                0x2000006c                _end = __end__
                0x2000006c                end = __end__
 *(.heap*)
                0x2000006c                __HeapLimit = .

.co_stack       0x2000006c        0x4 load address 0x08000e28
                0x20000070                . = ALIGN (0x8)
 *fill*         0x2000006c        0x4 
 *(.co_stack .co_stack.*)
                0x2000a000                __StackTop = (ORIGIN (ram) + LENGTH (ram))
                0x20009ffc                __StackLimit = (__StackTop - SIZEOF (.co_stack))
                [!provide]                PROVIDE (__stack, __StackTop)
                0x00000001                ASSERT ((__StackLimit >= __HeapLimit), region ram  overflowed with stack)
LOAD ..\obj\delay.o
LOAD ..\obj\stm32f30x_rcc.o
LOAD ..\obj\stm32f30x_comp.o
LOAD ..\obj\stm32f30x_gpio.o
LOAD ..\obj\main.o
LOAD ..\obj\stm32f30x_exti.o
LOAD ..\obj\stm32f30x_spi.o
LOAD ..\obj\stm32f30x_i2c.o
LOAD ..\obj\system_stm32f30x_temp.o
LOAD ..\obj\stm32f30x_misc.o
LOAD ..\obj\stm32f30x_tim.o
LOAD ..\obj\startup_stm32f30x.o
LOAD ..\obj\stm32f30x_syscfg.o
LOAD ..\obj\stm32f30x_usart.o
START GROUP
LOAD c:/program files (x86)/gnu tools arm embedded/5.3 2016q1/bin/../lib/gcc/arm-none-eabi/5.3.1/armv7e-m\libgcc.a
LOAD c:/program files (x86)/gnu tools arm embedded/5.3 2016q1/bin/../lib/gcc/arm-none-eabi/5.3.1/../../../../arm-none-eabi/lib/armv7e-m\libg.a
LOAD c:/program files (x86)/gnu tools arm embedded/5.3 2016q1/bin/../lib/gcc/arm-none-eabi/5.3.1/../../../../arm-none-eabi/lib/armv7e-m\libc.a
END GROUP
OUTPUT(Projekt_PTM.elf elf32-littlearm)

.debug_info     0x00000000     0x3114
 .debug_info    0x00000000      0x764 ..\obj\delay.o
 .debug_info    0x00000764      0xacc ..\obj\stm32f30x_rcc.o
 .debug_info    0x00001230      0x612 ..\obj\stm32f30x_gpio.o
 .debug_info    0x00001842      0x4a2 ..\obj\main.o
 .debug_info    0x00001ce4      0x4bb ..\obj\system_stm32f30x_temp.o
 .debug_info    0x0000219f       0xb1 ..\obj\startup_stm32f30x.o
 .debug_info    0x00002250      0xec4 ..\obj\stm32f30x_usart.o

.debug_abbrev   0x00000000      0x95b
 .debug_abbrev  0x00000000      0x1d2 ..\obj\delay.o
 .debug_abbrev  0x000001d2      0x1e5 ..\obj\stm32f30x_rcc.o
 .debug_abbrev  0x000003b7      0x198 ..\obj\stm32f30x_gpio.o
 .debug_abbrev  0x0000054f      0x15c ..\obj\main.o
 .debug_abbrev  0x000006ab      0x147 ..\obj\system_stm32f30x_temp.o
 .debug_abbrev  0x000007f2       0x12 ..\obj\startup_stm32f30x.o
 .debug_abbrev  0x00000804      0x157 ..\obj\stm32f30x_usart.o

.debug_aranges  0x00000000      0x438
 .debug_aranges
                0x00000000       0x48 ..\obj\delay.o
 .debug_aranges
                0x00000048      0x150 ..\obj\stm32f30x_rcc.o
 .debug_aranges
                0x00000198       0x80 ..\obj\stm32f30x_gpio.o
 .debug_aranges
                0x00000218       0x28 ..\obj\main.o
 .debug_aranges
                0x00000240       0x30 ..\obj\system_stm32f30x_temp.o
 .debug_aranges
                0x00000270       0x28 ..\obj\startup_stm32f30x.o
 .debug_aranges
                0x00000298      0x1a0 ..\obj\stm32f30x_usart.o

.debug_ranges   0x00000000      0x3d0
 .debug_ranges  0x00000000       0x38 ..\obj\delay.o
 .debug_ranges  0x00000038      0x140 ..\obj\stm32f30x_rcc.o
 .debug_ranges  0x00000178       0x70 ..\obj\stm32f30x_gpio.o
 .debug_ranges  0x000001e8       0x18 ..\obj\main.o
 .debug_ranges  0x00000200       0x20 ..\obj\system_stm32f30x_temp.o
 .debug_ranges  0x00000220       0x20 ..\obj\startup_stm32f30x.o
 .debug_ranges  0x00000240      0x190 ..\obj\stm32f30x_usart.o

.debug_line     0x00000000     0x16f5
 .debug_line    0x00000000      0x276 ..\obj\delay.o
 .debug_line    0x00000276      0x5bc ..\obj\stm32f30x_rcc.o
 .debug_line    0x00000832      0x357 ..\obj\stm32f30x_gpio.o
 .debug_line    0x00000b89      0x263 ..\obj\main.o
 .debug_line    0x00000dec      0x207 ..\obj\system_stm32f30x_temp.o
 .debug_line    0x00000ff3       0xaa ..\obj\startup_stm32f30x.o
 .debug_line    0x0000109d      0x658 ..\obj\stm32f30x_usart.o

.debug_str      0x00000000     0x1832
 .debug_str     0x00000000      0x7d9 ..\obj\delay.o
                                0x831 (size before relaxing)
 .debug_str     0x000007d9      0x53f ..\obj\stm32f30x_rcc.o
                                0x7fe (size before relaxing)
 .debug_str     0x00000d18      0x310 ..\obj\stm32f30x_gpio.o
                                0x4a9 (size before relaxing)
 .debug_str     0x00001028       0xf1 ..\obj\main.o
                                0x425 (size before relaxing)
 .debug_str     0x00001119       0xaf ..\obj\system_stm32f30x_temp.o
                                0x314 (size before relaxing)
 .debug_str     0x000011c8      0x66a ..\obj\stm32f30x_usart.o
                                0xa09 (size before relaxing)

.comment        0x00000000       0x6e
 .comment       0x00000000       0x6e ..\obj\delay.o
                                 0x6f (size before relaxing)
 .comment       0x0000006e       0x6f ..\obj\stm32f30x_rcc.o
 .comment       0x0000006e       0x6f ..\obj\stm32f30x_gpio.o
 .comment       0x0000006e       0x6f ..\obj\main.o
 .comment       0x0000006e       0x6f ..\obj\system_stm32f30x_temp.o
 .comment       0x0000006e       0x6f ..\obj\stm32f30x_usart.o

.ARM.attributes
                0x00000000       0x31
 .ARM.attributes
                0x00000000       0x33 ..\obj\delay.o
 .ARM.attributes
                0x00000033       0x33 ..\obj\stm32f30x_rcc.o
 .ARM.attributes
                0x00000066       0x33 ..\obj\stm32f30x_gpio.o
 .ARM.attributes
                0x00000099       0x33 ..\obj\main.o
 .ARM.attributes
                0x000000cc       0x33 ..\obj\system_stm32f30x_temp.o
 .ARM.attributes
                0x000000ff       0x21 ..\obj\startup_stm32f30x.o
 .ARM.attributes
                0x00000120       0x33 ..\obj\stm32f30x_usart.o

.debug_frame    0x00000000     0x117c
 .debug_frame   0x00000000       0xdc ..\obj\delay.o
 .debug_frame   0x000000dc      0x60c ..\obj\stm32f30x_rcc.o
 .debug_frame   0x000006e8      0x214 ..\obj\stm32f30x_gpio.o
 .debug_frame   0x000008fc       0x54 ..\obj\main.o
 .debug_frame   0x00000950       0x7c ..\obj\system_stm32f30x_temp.o
 .debug_frame   0x000009cc      0x7b0 ..\obj\stm32f30x_usart.o
