
Allocating common symbols
Common symbol       size              file

GPIO_InitStructure  0x8               ..\obj\main.o
RCC_Clocks          0x3c              ..\obj\delay.o

Discarded input sections

 .text          0x00000000        0x0 ..\obj\delay.o
 .data          0x00000000        0x0 ..\obj\delay.o
 .text.Delay_ms
                0x00000000       0x28 ..\obj\delay.o
 .text          0x00000000        0x0 ..\obj\stm32f30x_rcc.o
 .bss           0x00000000        0x0 ..\obj\stm32f30x_rcc.o
 .text.RCC_DeInit
                0x00000000       0x7c ..\obj\stm32f30x_rcc.o
 .text.RCC_HSEConfig
                0x00000000       0x24 ..\obj\stm32f30x_rcc.o
 .text.RCC_WaitForHSEStartUp
                0x00000000       0x50 ..\obj\stm32f30x_rcc.o
 .text.RCC_AdjustHSICalibrationValue
                0x00000000       0x3c ..\obj\stm32f30x_rcc.o
 .text.RCC_HSICmd
                0x00000000       0x20 ..\obj\stm32f30x_rcc.o
 .text.RCC_LSEConfig
                0x00000000       0x3c ..\obj\stm32f30x_rcc.o
 .text.RCC_LSEDriveConfig
                0x00000000       0x30 ..\obj\stm32f30x_rcc.o
 .text.RCC_LSICmd
                0x00000000       0x20 ..\obj\stm32f30x_rcc.o
 .text.RCC_PLLConfig
                0x00000000       0x34 ..\obj\stm32f30x_rcc.o
 .text.RCC_PLLCmd
                0x00000000       0x20 ..\obj\stm32f30x_rcc.o
 .text.RCC_PREDIV1Config
                0x00000000       0x38 ..\obj\stm32f30x_rcc.o
 .text.RCC_ClockSecuritySystemCmd
                0x00000000       0x20 ..\obj\stm32f30x_rcc.o
 .text.RCC_MCOConfig
                0x00000000       0x20 ..\obj\stm32f30x_rcc.o
 .text.RCC_SYSCLKConfig
                0x00000000       0x38 ..\obj\stm32f30x_rcc.o
 .text.RCC_GetSYSCLKSource
                0x00000000       0x1c ..\obj\stm32f30x_rcc.o
 .text.RCC_HCLKConfig
                0x00000000       0x38 ..\obj\stm32f30x_rcc.o
 .text.RCC_PCLK1Config
                0x00000000       0x38 ..\obj\stm32f30x_rcc.o
 .text.RCC_PCLK2Config
                0x00000000       0x38 ..\obj\stm32f30x_rcc.o
 .text.RCC_ADCCLKConfig
                0x00000000       0x4c ..\obj\stm32f30x_rcc.o
 .text.RCC_I2CCLKConfig
                0x00000000       0x4c ..\obj\stm32f30x_rcc.o
 .text.RCC_TIMCLKConfig
                0x00000000       0x4c ..\obj\stm32f30x_rcc.o
 .text.RCC_USARTCLKConfig
                0x00000000       0x98 ..\obj\stm32f30x_rcc.o
 .text.RCC_USBCLKConfig
                0x00000000       0x1c ..\obj\stm32f30x_rcc.o
 .text.RCC_RTCCLKConfig
                0x00000000       0x24 ..\obj\stm32f30x_rcc.o
 .text.RCC_I2SCLKConfig
                0x00000000       0x1c ..\obj\stm32f30x_rcc.o
 .text.RCC_RTCCLKCmd
                0x00000000       0x20 ..\obj\stm32f30x_rcc.o
 .text.RCC_BackupResetCmd
                0x00000000       0x20 ..\obj\stm32f30x_rcc.o
 .text.RCC_APB2PeriphClockCmd
                0x00000000       0x3c ..\obj\stm32f30x_rcc.o
 .text.RCC_AHBPeriphResetCmd
                0x00000000       0x3c ..\obj\stm32f30x_rcc.o
 .text.RCC_APB2PeriphResetCmd
                0x00000000       0x3c ..\obj\stm32f30x_rcc.o
 .text.RCC_APB1PeriphResetCmd
                0x00000000       0x3c ..\obj\stm32f30x_rcc.o
 .text.RCC_ITConfig
                0x00000000       0x4c ..\obj\stm32f30x_rcc.o
 .text.RCC_GetFlagStatus
                0x00000000       0x80 ..\obj\stm32f30x_rcc.o
 .text.RCC_ClearFlag
                0x00000000       0x1c ..\obj\stm32f30x_rcc.o
 .text.RCC_GetITStatus
                0x00000000       0x34 ..\obj\stm32f30x_rcc.o
 .text.RCC_ClearITPendingBit
                0x00000000       0x20 ..\obj\stm32f30x_rcc.o
 .text          0x00000000        0x0 ..\obj\stm32f30x_comp.o
 .data          0x00000000        0x0 ..\obj\stm32f30x_comp.o
 .bss           0x00000000        0x0 ..\obj\stm32f30x_comp.o
 .text.COMP_DeInit
                0x00000000       0x24 ..\obj\stm32f30x_comp.o
 .text.COMP_Init
                0x00000000       0x68 ..\obj\stm32f30x_comp.o
 .text.COMP_StructInit
                0x00000000       0x3c ..\obj\stm32f30x_comp.o
 .text.COMP_Cmd
                0x00000000       0x50 ..\obj\stm32f30x_comp.o
 .text.COMP_SwitchCmd
                0x00000000       0x50 ..\obj\stm32f30x_comp.o
 .text.COMP_GetOutputLevel
                0x00000000       0x38 ..\obj\stm32f30x_comp.o
 .text.COMP_WindowCmd
                0x00000000       0x50 ..\obj\stm32f30x_comp.o
 .text.COMP_LockConfig
                0x00000000       0x2c ..\obj\stm32f30x_comp.o
 .debug_info    0x00000000      0x2c8 ..\obj\stm32f30x_comp.o
 .debug_abbrev  0x00000000      0x123 ..\obj\stm32f30x_comp.o
 .debug_aranges
                0x00000000       0x58 ..\obj\stm32f30x_comp.o
 .debug_ranges  0x00000000       0x48 ..\obj\stm32f30x_comp.o
 .debug_line    0x00000000      0x26b ..\obj\stm32f30x_comp.o
 .debug_str     0x00000000      0x2be ..\obj\stm32f30x_comp.o
 .comment       0x00000000       0x6f ..\obj\stm32f30x_comp.o
 .debug_frame   0x00000000      0x150 ..\obj\stm32f30x_comp.o
 .ARM.attributes
                0x00000000       0x33 ..\obj\stm32f30x_comp.o
 .text          0x00000000        0x0 ..\obj\stm32f30x_gpio.o
 .data          0x00000000        0x0 ..\obj\stm32f30x_gpio.o
 .bss           0x00000000        0x0 ..\obj\stm32f30x_gpio.o
 .text.GPIO_DeInit
                0x00000000       0xd8 ..\obj\stm32f30x_gpio.o
 .text.GPIO_StructInit
                0x00000000       0x34 ..\obj\stm32f30x_gpio.o
 .text.GPIO_PinLockConfig
                0x00000000       0x44 ..\obj\stm32f30x_gpio.o
 .text.GPIO_ReadInputDataBit
                0x00000000       0x38 ..\obj\stm32f30x_gpio.o
 .text.GPIO_ReadInputData
                0x00000000       0x18 ..\obj\stm32f30x_gpio.o
 .text.GPIO_ReadOutputDataBit
                0x00000000       0x38 ..\obj\stm32f30x_gpio.o
 .text.GPIO_ReadOutputData
                0x00000000       0x18 ..\obj\stm32f30x_gpio.o
 .text.GPIO_WriteBit
                0x00000000       0x30 ..\obj\stm32f30x_gpio.o
 .text.GPIO_Write
                0x00000000       0x1c ..\obj\stm32f30x_gpio.o
 .text          0x00000000        0x0 ..\obj\main.o
 .data          0x00000000        0x0 ..\obj\main.o
 .bss           0x00000000        0x0 ..\obj\main.o
 .text          0x00000000        0x0 ..\obj\stm32f30x_exti.o
 .data          0x00000000        0x0 ..\obj\stm32f30x_exti.o
 .bss           0x00000000        0x0 ..\obj\stm32f30x_exti.o
 .text.EXTI_DeInit
                0x00000000       0x5c ..\obj\stm32f30x_exti.o
 .text.EXTI_Init
                0x00000000      0x1f4 ..\obj\stm32f30x_exti.o
 .text.EXTI_StructInit
                0x00000000       0x2c ..\obj\stm32f30x_exti.o
 .text.EXTI_GenerateSWInterrupt
                0x00000000       0x40 ..\obj\stm32f30x_exti.o
 .text.EXTI_GetFlagStatus
                0x00000000       0x44 ..\obj\stm32f30x_exti.o
 .text.EXTI_ClearFlag
                0x00000000       0x30 ..\obj\stm32f30x_exti.o
 .text.EXTI_GetITStatus
                0x00000000       0x70 ..\obj\stm32f30x_exti.o
 .text.EXTI_ClearITPendingBit
                0x00000000       0x30 ..\obj\stm32f30x_exti.o
 .debug_info    0x00000000      0x3c4 ..\obj\stm32f30x_exti.o
 .debug_abbrev  0x00000000      0x17e ..\obj\stm32f30x_exti.o
 .debug_aranges
                0x00000000       0x58 ..\obj\stm32f30x_exti.o
 .debug_ranges  0x00000000       0x48 ..\obj\stm32f30x_exti.o
 .debug_line    0x00000000      0x289 ..\obj\stm32f30x_exti.o
 .debug_str     0x00000000      0x378 ..\obj\stm32f30x_exti.o
 .comment       0x00000000       0x6f ..\obj\stm32f30x_exti.o
 .debug_frame   0x00000000      0x148 ..\obj\stm32f30x_exti.o
 .ARM.attributes
                0x00000000       0x33 ..\obj\stm32f30x_exti.o
 .text          0x00000000        0x0 ..\obj\stm32f30x_spi.o
 .data          0x00000000        0x0 ..\obj\stm32f30x_spi.o
 .bss           0x00000000        0x0 ..\obj\stm32f30x_spi.o
 .text.SPI_I2S_DeInit
                0x00000000       0x74 ..\obj\stm32f30x_spi.o
 .text.SPI_StructInit
                0x00000000       0x4c ..\obj\stm32f30x_spi.o
 .text.SPI_Init
                0x00000000      0x114 ..\obj\stm32f30x_spi.o
 .text.I2S_StructInit
                0x00000000       0x38 ..\obj\stm32f30x_spi.o
 .text.I2S_Init
                0x00000000      0x17c ..\obj\stm32f30x_spi.o
 .text.SPI_Cmd  0x00000000       0x40 ..\obj\stm32f30x_spi.o
 .text.SPI_TIModeCmd
                0x00000000       0x40 ..\obj\stm32f30x_spi.o
 .text.I2S_Cmd  0x00000000       0x40 ..\obj\stm32f30x_spi.o
 .text.SPI_DataSizeConfig
                0x00000000       0x38 ..\obj\stm32f30x_spi.o
 .text.SPI_RxFIFOThresholdConfig
                0x00000000       0x38 ..\obj\stm32f30x_spi.o
 .text.SPI_BiDirectionalLineConfig
                0x00000000       0x40 ..\obj\stm32f30x_spi.o
 .text.SPI_NSSInternalSoftwareConfig
                0x00000000       0x44 ..\obj\stm32f30x_spi.o
 .text.I2S_FullDuplexConfig
                0x00000000       0x9c ..\obj\stm32f30x_spi.o
 .text.SPI_SSOutputCmd
                0x00000000       0x40 ..\obj\stm32f30x_spi.o
 .text.SPI_NSSPulseModeCmd
                0x00000000       0x40 ..\obj\stm32f30x_spi.o
 .text.SPI_SendData8
                0x00000000       0x2c ..\obj\stm32f30x_spi.o
 .text.SPI_I2S_SendData16
                0x00000000       0x1c ..\obj\stm32f30x_spi.o
 .text.SPI_ReceiveData8
                0x00000000       0x28 ..\obj\stm32f30x_spi.o
 .text.SPI_I2S_ReceiveData16
                0x00000000       0x18 ..\obj\stm32f30x_spi.o
 .text.SPI_CRCLengthConfig
                0x00000000       0x38 ..\obj\stm32f30x_spi.o
 .text.SPI_CalculateCRC
                0x00000000       0x40 ..\obj\stm32f30x_spi.o
 .text.SPI_TransmitCRC
                0x00000000       0x24 ..\obj\stm32f30x_spi.o
 .text.SPI_GetCRC
                0x00000000       0x30 ..\obj\stm32f30x_spi.o
 .text.SPI_GetCRCPolynomial
                0x00000000       0x18 ..\obj\stm32f30x_spi.o
 .text.SPI_I2S_DMACmd
                0x00000000       0x48 ..\obj\stm32f30x_spi.o
 .text.SPI_LastDMATransferCmd
                0x00000000       0x38 ..\obj\stm32f30x_spi.o
 .text.SPI_I2S_ITConfig
                0x00000000       0x60 ..\obj\stm32f30x_spi.o
 .text.SPI_GetTransmissionFIFOStatus
                0x00000000       0x20 ..\obj\stm32f30x_spi.o
 .text.SPI_GetReceptionFIFOStatus
                0x00000000       0x20 ..\obj\stm32f30x_spi.o
 .text.SPI_I2S_GetFlagStatus
                0x00000000       0x38 ..\obj\stm32f30x_spi.o
 .text.SPI_I2S_ClearFlag
                0x00000000       0x20 ..\obj\stm32f30x_spi.o
 .text.SPI_I2S_GetITStatus
                0x00000000       0x74 ..\obj\stm32f30x_spi.o
 .debug_info    0x00000000      0xb7a ..\obj\stm32f30x_spi.o
 .debug_abbrev  0x00000000      0x18b ..\obj\stm32f30x_spi.o
 .debug_aranges
                0x00000000      0x118 ..\obj\stm32f30x_spi.o
 .debug_ranges  0x00000000      0x108 ..\obj\stm32f30x_spi.o
 .debug_line    0x00000000      0x4d8 ..\obj\stm32f30x_spi.o
 .debug_str     0x00000000      0x7bf ..\obj\stm32f30x_spi.o
 .comment       0x00000000       0x6f ..\obj\stm32f30x_spi.o
 .debug_frame   0x00000000      0x508 ..\obj\stm32f30x_spi.o
 .ARM.attributes
                0x00000000       0x33 ..\obj\stm32f30x_spi.o
 .text          0x00000000        0x0 ..\obj\stm32f30x_i2c.o
 .data          0x00000000        0x0 ..\obj\stm32f30x_i2c.o
 .bss           0x00000000        0x0 ..\obj\stm32f30x_i2c.o
 .text.I2C_DeInit
                0x00000000       0x48 ..\obj\stm32f30x_i2c.o
 .text.I2C_Init
                0x00000000       0xc8 ..\obj\stm32f30x_i2c.o
 .text.I2C_StructInit
                0x00000000       0x40 ..\obj\stm32f30x_i2c.o
 .text.I2C_Cmd  0x00000000       0x38 ..\obj\stm32f30x_i2c.o
 .text.I2C_SoftwareResetCmd
                0x00000000       0x30 ..\obj\stm32f30x_i2c.o
 .text.I2C_ITConfig
                0x00000000       0x3c ..\obj\stm32f30x_i2c.o
 .text.I2C_StretchClockCmd
                0x00000000       0x38 ..\obj\stm32f30x_i2c.o
 .text.I2C_StopModeCmd
                0x00000000       0x38 ..\obj\stm32f30x_i2c.o
 .text.I2C_DualAddressCmd
                0x00000000       0x38 ..\obj\stm32f30x_i2c.o
 .text.I2C_OwnAddress2Config
                0x00000000       0x4c ..\obj\stm32f30x_i2c.o
 .text.I2C_GeneralCallCmd
                0x00000000       0x38 ..\obj\stm32f30x_i2c.o
 .text.I2C_SlaveByteControlCmd
                0x00000000       0x38 ..\obj\stm32f30x_i2c.o
 .text.I2C_SlaveAddressConfig
                0x00000000       0x40 ..\obj\stm32f30x_i2c.o
 .text.I2C_10BitAddressingModeCmd
                0x00000000       0x38 ..\obj\stm32f30x_i2c.o
 .text.I2C_AutoEndCmd
                0x00000000       0x38 ..\obj\stm32f30x_i2c.o
 .text.I2C_ReloadCmd
                0x00000000       0x38 ..\obj\stm32f30x_i2c.o
 .text.I2C_NumberOfBytesConfig
                0x00000000       0x3c ..\obj\stm32f30x_i2c.o
 .text.I2C_MasterRequestConfig
                0x00000000       0x38 ..\obj\stm32f30x_i2c.o
 .text.I2C_GenerateSTART
                0x00000000       0x38 ..\obj\stm32f30x_i2c.o
 .text.I2C_GenerateSTOP
                0x00000000       0x38 ..\obj\stm32f30x_i2c.o
 .text.I2C_10BitAddressHeaderCmd
                0x00000000       0x38 ..\obj\stm32f30x_i2c.o
 .text.I2C_AcknowledgeConfig
                0x00000000       0x38 ..\obj\stm32f30x_i2c.o
 .text.I2C_GetAddressMatched
                0x00000000       0x20 ..\obj\stm32f30x_i2c.o
 .text.I2C_GetTransferDirection
                0x00000000       0x38 ..\obj\stm32f30x_i2c.o
 .text.I2C_TransferHandling
                0x00000000       0x58 ..\obj\stm32f30x_i2c.o
 .text.I2C_SMBusAlertCmd
                0x00000000       0x38 ..\obj\stm32f30x_i2c.o
 .text.I2C_ClockTimeoutCmd
                0x00000000       0x38 ..\obj\stm32f30x_i2c.o
 .text.I2C_ExtendedClockTimeoutCmd
                0x00000000       0x38 ..\obj\stm32f30x_i2c.o
 .text.I2C_IdleClockTimeoutCmd
                0x00000000       0x38 ..\obj\stm32f30x_i2c.o
 .text.I2C_TimeoutAConfig
                0x00000000       0x40 ..\obj\stm32f30x_i2c.o
 .text.I2C_TimeoutBConfig
                0x00000000       0x44 ..\obj\stm32f30x_i2c.o
 .text.I2C_CalculatePEC
                0x00000000       0x38 ..\obj\stm32f30x_i2c.o
 .text.I2C_PECRequestCmd
                0x00000000       0x38 ..\obj\stm32f30x_i2c.o
 .text.I2C_GetPEC
                0x00000000       0x18 ..\obj\stm32f30x_i2c.o
 .text.I2C_ReadRegister
                0x00000000       0x2c ..\obj\stm32f30x_i2c.o
 .text.I2C_SendData
                0x00000000       0x1c ..\obj\stm32f30x_i2c.o
 .text.I2C_ReceiveData
                0x00000000       0x18 ..\obj\stm32f30x_i2c.o
 .text.I2C_DMACmd
                0x00000000       0x3c ..\obj\stm32f30x_i2c.o
 .text.I2C_GetFlagStatus
                0x00000000       0x3c ..\obj\stm32f30x_i2c.o
 .text.I2C_ClearFlag
                0x00000000       0x1c ..\obj\stm32f30x_i2c.o
 .text.I2C_GetITStatus
                0x00000000       0x7c ..\obj\stm32f30x_i2c.o
 .text.I2C_ClearITPendingBit
                0x00000000       0x1c ..\obj\stm32f30x_i2c.o
 .debug_info    0x00000000      0xbe6 ..\obj\stm32f30x_i2c.o
 .debug_abbrev  0x00000000      0x180 ..\obj\stm32f30x_i2c.o
 .debug_aranges
                0x00000000      0x168 ..\obj\stm32f30x_i2c.o
 .debug_ranges  0x00000000      0x158 ..\obj\stm32f30x_i2c.o
 .debug_line    0x00000000      0x553 ..\obj\stm32f30x_i2c.o
 .debug_str     0x00000000      0x645 ..\obj\stm32f30x_i2c.o
 .comment       0x00000000       0x6f ..\obj\stm32f30x_i2c.o
 .debug_frame   0x00000000      0x69c ..\obj\stm32f30x_i2c.o
 .ARM.attributes
                0x00000000       0x33 ..\obj\stm32f30x_i2c.o
 .text          0x00000000        0x0 ..\obj\system_stm32f30x_temp.o
 .data          0x00000000       0x14 ..\obj\system_stm32f30x_temp.o
 .bss           0x00000000        0x0 ..\obj\system_stm32f30x_temp.o
 .text.SystemCoreClockUpdate1
                0x00000000       0xd4 ..\obj\system_stm32f30x_temp.o
 .text          0x00000000        0x0 ..\obj\stm32f30x_misc.o
 .data          0x00000000        0x0 ..\obj\stm32f30x_misc.o
 .bss           0x00000000        0x0 ..\obj\stm32f30x_misc.o
 .text.NVIC_PriorityGroupConfig
                0x00000000       0x24 ..\obj\stm32f30x_misc.o
 .text.NVIC_Init
                0x00000000       0xc4 ..\obj\stm32f30x_misc.o
 .text.NVIC_SetVectorTable
                0x00000000       0x2c ..\obj\stm32f30x_misc.o
 .text.NVIC_SystemLPConfig
                0x00000000       0x40 ..\obj\stm32f30x_misc.o
 .text.SysTick_CLKSourceConfig
                0x00000000       0x38 ..\obj\stm32f30x_misc.o
 .debug_info    0x00000000      0x556 ..\obj\stm32f30x_misc.o
 .debug_abbrev  0x00000000      0x147 ..\obj\stm32f30x_misc.o
 .debug_aranges
                0x00000000       0x40 ..\obj\stm32f30x_misc.o
 .debug_ranges  0x00000000       0x30 ..\obj\stm32f30x_misc.o
 .debug_line    0x00000000      0x22a ..\obj\stm32f30x_misc.o
 .debug_str     0x00000000      0x3c6 ..\obj\stm32f30x_misc.o
 .comment       0x00000000       0x6f ..\obj\stm32f30x_misc.o
 .debug_frame   0x00000000       0xd8 ..\obj\stm32f30x_misc.o
 .ARM.attributes
                0x00000000       0x33 ..\obj\stm32f30x_misc.o
 .text          0x00000000        0x0 ..\obj\stm32f30x_tim.o
 .data          0x00000000        0x0 ..\obj\stm32f30x_tim.o
 .bss           0x00000000        0x0 ..\obj\stm32f30x_tim.o
 .text.TIM_DeInit
                0x00000000      0x14c ..\obj\stm32f30x_tim.o
 .text.TIM_TimeBaseInit
                0x00000000       0xec ..\obj\stm32f30x_tim.o
 .text.TIM_TimeBaseStructInit
                0x00000000       0x34 ..\obj\stm32f30x_tim.o
 .text.TIM_PrescalerConfig
                0x00000000       0x28 ..\obj\stm32f30x_tim.o
 .text.TIM_CounterModeConfig
                0x00000000       0x38 ..\obj\stm32f30x_tim.o
 .text.TIM_SetCounter
                0x00000000       0x1c ..\obj\stm32f30x_tim.o
 .text.TIM_SetAutoreload
                0x00000000       0x1c ..\obj\stm32f30x_tim.o
 .text.TIM_GetCounter
                0x00000000       0x18 ..\obj\stm32f30x_tim.o
 .text.TIM_GetPrescaler
                0x00000000       0x18 ..\obj\stm32f30x_tim.o
 .text.TIM_UpdateDisableConfig
                0x00000000       0x40 ..\obj\stm32f30x_tim.o
 .text.TIM_UpdateRequestConfig
                0x00000000       0x40 ..\obj\stm32f30x_tim.o
 .text.TIM_UIFRemap
                0x00000000       0x40 ..\obj\stm32f30x_tim.o
 .text.TIM_ARRPreloadConfig
                0x00000000       0x40 ..\obj\stm32f30x_tim.o
 .text.TIM_SelectOnePulseMode
                0x00000000       0x38 ..\obj\stm32f30x_tim.o
 .text.TIM_SetClockDivision
                0x00000000       0x38 ..\obj\stm32f30x_tim.o
 .text.TIM_Cmd  0x00000000       0x40 ..\obj\stm32f30x_tim.o
 .text.TIM_OC1Init
                0x00000000      0x124 ..\obj\stm32f30x_tim.o
 .text.TIM_OC2Init
                0x00000000      0x100 ..\obj\stm32f30x_tim.o
 .text.TIM_OC3Init
                0x00000000       0xfc ..\obj\stm32f30x_tim.o
 .text.TIM_OC4Init
                0x00000000       0xc0 ..\obj\stm32f30x_tim.o
 .text.TIM_OC5Init
                0x00000000       0xb8 ..\obj\stm32f30x_tim.o
 .text.TIM_OC6Init
                0x00000000       0xac ..\obj\stm32f30x_tim.o
 .text.TIM_SelectGC5C1
                0x00000000       0x38 ..\obj\stm32f30x_tim.o
 .text.TIM_SelectGC5C2
                0x00000000       0x38 ..\obj\stm32f30x_tim.o
 .text.TIM_SelectGC5C3
                0x00000000       0x38 ..\obj\stm32f30x_tim.o
 .text.TIM_OCStructInit
                0x00000000       0x44 ..\obj\stm32f30x_tim.o
 .text.TIM_SelectOCxM
                0x00000000       0xac ..\obj\stm32f30x_tim.o
 .text.TIM_SetCompare1
                0x00000000       0x1c ..\obj\stm32f30x_tim.o
 .text.TIM_SetCompare2
                0x00000000       0x1c ..\obj\stm32f30x_tim.o
 .text.TIM_SetCompare3
                0x00000000       0x1c ..\obj\stm32f30x_tim.o
 .text.TIM_SetCompare4
                0x00000000       0x1c ..\obj\stm32f30x_tim.o
 .text.TIM_SetCompare5
                0x00000000       0x1c ..\obj\stm32f30x_tim.o
 .text.TIM_SetCompare6
                0x00000000       0x1c ..\obj\stm32f30x_tim.o
 .text.TIM_ForcedOC1Config
                0x00000000       0x3c ..\obj\stm32f30x_tim.o
 .text.TIM_ForcedOC2Config
                0x00000000       0x3c ..\obj\stm32f30x_tim.o
 .text.TIM_ForcedOC3Config
                0x00000000       0x38 ..\obj\stm32f30x_tim.o
 .text.TIM_ForcedOC4Config
                0x00000000       0x38 ..\obj\stm32f30x_tim.o
 .text.TIM_ForcedOC5Config
                0x00000000       0x38 ..\obj\stm32f30x_tim.o
 .text.TIM_ForcedOC6Config
                0x00000000       0x38 ..\obj\stm32f30x_tim.o
 .text.TIM_OC1PreloadConfig
                0x00000000       0x38 ..\obj\stm32f30x_tim.o
 .text.TIM_OC2PreloadConfig
                0x00000000       0x38 ..\obj\stm32f30x_tim.o
 .text.TIM_OC3PreloadConfig
                0x00000000       0x38 ..\obj\stm32f30x_tim.o
 .text.TIM_OC4PreloadConfig
                0x00000000       0x38 ..\obj\stm32f30x_tim.o
 .text.TIM_OC5PreloadConfig
                0x00000000       0x38 ..\obj\stm32f30x_tim.o
 .text.TIM_OC6PreloadConfig
                0x00000000       0x38 ..\obj\stm32f30x_tim.o
 .text.TIM_OC1FastConfig
                0x00000000       0x38 ..\obj\stm32f30x_tim.o
 .text.TIM_OC2FastConfig
                0x00000000       0x38 ..\obj\stm32f30x_tim.o
 .text.TIM_OC3FastConfig
                0x00000000       0x38 ..\obj\stm32f30x_tim.o
 .text.TIM_OC4FastConfig
                0x00000000       0x38 ..\obj\stm32f30x_tim.o
 .text.TIM_ClearOC1Ref
                0x00000000       0x38 ..\obj\stm32f30x_tim.o
 .text.TIM_ClearOC2Ref
                0x00000000       0x38 ..\obj\stm32f30x_tim.o
 .text.TIM_ClearOC3Ref
                0x00000000       0x38 ..\obj\stm32f30x_tim.o
 .text.TIM_ClearOC4Ref
                0x00000000       0x38 ..\obj\stm32f30x_tim.o
 .text.TIM_ClearOC5Ref
                0x00000000       0x38 ..\obj\stm32f30x_tim.o
 .text.TIM_ClearOC6Ref
                0x00000000       0x38 ..\obj\stm32f30x_tim.o
 .text.TIM_SelectOCREFClear
                0x00000000       0x30 ..\obj\stm32f30x_tim.o
 .text.TIM_OC1PolarityConfig
                0x00000000       0x38 ..\obj\stm32f30x_tim.o
 .text.TIM_OC1NPolarityConfig
                0x00000000       0x38 ..\obj\stm32f30x_tim.o
 .text.TIM_OC2PolarityConfig
                0x00000000       0x38 ..\obj\stm32f30x_tim.o
 .text.TIM_OC2NPolarityConfig
                0x00000000       0x38 ..\obj\stm32f30x_tim.o
 .text.TIM_OC3PolarityConfig
                0x00000000       0x38 ..\obj\stm32f30x_tim.o
 .text.TIM_OC3NPolarityConfig
                0x00000000       0x38 ..\obj\stm32f30x_tim.o
 .text.TIM_OC4PolarityConfig
                0x00000000       0x38 ..\obj\stm32f30x_tim.o
 .text.TIM_OC5PolarityConfig
                0x00000000       0x38 ..\obj\stm32f30x_tim.o
 .text.TIM_OC6PolarityConfig
                0x00000000       0x38 ..\obj\stm32f30x_tim.o
 .text.TIM_CCxCmd
                0x00000000       0x48 ..\obj\stm32f30x_tim.o
 .text.TIM_CCxNCmd
                0x00000000       0x48 ..\obj\stm32f30x_tim.o
 .text.TIM_ICInit
                0x00000000       0xa8 ..\obj\stm32f30x_tim.o
 .text.TIM_ICStructInit
                0x00000000       0x30 ..\obj\stm32f30x_tim.o
 .text.TIM_PWMIConfig
                0x00000000       0xb8 ..\obj\stm32f30x_tim.o
 .text.TIM_GetCapture1
                0x00000000       0x18 ..\obj\stm32f30x_tim.o
 .text.TIM_GetCapture2
                0x00000000       0x18 ..\obj\stm32f30x_tim.o
 .text.TIM_GetCapture3
                0x00000000       0x18 ..\obj\stm32f30x_tim.o
 .text.TIM_GetCapture4
                0x00000000       0x18 ..\obj\stm32f30x_tim.o
 .text.TIM_SetIC1Prescaler
                0x00000000       0x30 ..\obj\stm32f30x_tim.o
 .text.TIM_SetIC2Prescaler
                0x00000000       0x30 ..\obj\stm32f30x_tim.o
 .text.TIM_SetIC3Prescaler
                0x00000000       0x30 ..\obj\stm32f30x_tim.o
 .text.TIM_SetIC4Prescaler
                0x00000000       0x34 ..\obj\stm32f30x_tim.o
 .text.TIM_BDTRConfig
                0x00000000       0x50 ..\obj\stm32f30x_tim.o
 .text.TIM_Break1Config
                0x00000000       0x38 ..\obj\stm32f30x_tim.o
 .text.TIM_Break2Config
                0x00000000       0x38 ..\obj\stm32f30x_tim.o
 .text.TIM_Break1Cmd
                0x00000000       0x38 ..\obj\stm32f30x_tim.o
 .text.TIM_Break2Cmd
                0x00000000       0x38 ..\obj\stm32f30x_tim.o
 .text.TIM_BDTRStructInit
                0x00000000       0x3c ..\obj\stm32f30x_tim.o
 .text.TIM_CtrlPWMOutputs
                0x00000000       0x38 ..\obj\stm32f30x_tim.o
 .text.TIM_SelectCOM
                0x00000000       0x38 ..\obj\stm32f30x_tim.o
 .text.TIM_CCPreloadControl
                0x00000000       0x38 ..\obj\stm32f30x_tim.o
 .text.TIM_ITConfig
                0x00000000       0x40 ..\obj\stm32f30x_tim.o
 .text.TIM_GenerateEvent
                0x00000000       0x1c ..\obj\stm32f30x_tim.o
 .text.TIM_GetFlagStatus
                0x00000000       0x30 ..\obj\stm32f30x_tim.o
 .text.TIM_ClearFlag
                0x00000000       0x24 ..\obj\stm32f30x_tim.o
 .text.TIM_GetITStatus
                0x00000000       0x54 ..\obj\stm32f30x_tim.o
 .text.TIM_ClearITPendingBit
                0x00000000       0x24 ..\obj\stm32f30x_tim.o
 .text.TIM_DMAConfig
                0x00000000       0x28 ..\obj\stm32f30x_tim.o
 .text.TIM_DMACmd
                0x00000000       0x40 ..\obj\stm32f30x_tim.o
 .text.TIM_SelectCCDMA
                0x00000000       0x38 ..\obj\stm32f30x_tim.o
 .text.TIM_InternalClockConfig
                0x00000000       0x20 ..\obj\stm32f30x_tim.o
 .text.TIM_ITRxExternalClockConfig
                0x00000000       0x2c ..\obj\stm32f30x_tim.o
 .text.TIM_TIxExternalClockConfig
                0x00000000       0x58 ..\obj\stm32f30x_tim.o
 .text.TIM_ETRClockMode1Config
                0x00000000       0x60 ..\obj\stm32f30x_tim.o
 .text.TIM_ETRClockMode2Config
                0x00000000       0x3c ..\obj\stm32f30x_tim.o
 .text.TIM_SelectInputTrigger
                0x00000000       0x38 ..\obj\stm32f30x_tim.o
 .text.TIM_SelectOutputTrigger
                0x00000000       0x30 ..\obj\stm32f30x_tim.o
 .text.TIM_SelectOutputTrigger2
                0x00000000       0x2c ..\obj\stm32f30x_tim.o
 .text.TIM_SelectSlaveMode
                0x00000000       0x30 ..\obj\stm32f30x_tim.o
 .text.TIM_SelectMasterSlaveMode
                0x00000000       0x30 ..\obj\stm32f30x_tim.o
 .text.TIM_ETRConfig
                0x00000000       0x54 ..\obj\stm32f30x_tim.o
 .text.TIM_EncoderInterfaceConfig
                0x00000000       0x98 ..\obj\stm32f30x_tim.o
 .text.TIM_SelectHallSensor
                0x00000000       0x38 ..\obj\stm32f30x_tim.o
 .text.TIM_RemapConfig
                0x00000000       0x20 ..\obj\stm32f30x_tim.o
 .text.TI1_Config
                0x00000000       0x80 ..\obj\stm32f30x_tim.o
 .text.TI2_Config
                0x00000000       0x98 ..\obj\stm32f30x_tim.o
 .text.TI3_Config
                0x00000000       0x8c ..\obj\stm32f30x_tim.o
 .text.TI4_Config
                0x00000000       0x9c ..\obj\stm32f30x_tim.o
 .debug_info    0x00000000     0x218c ..\obj\stm32f30x_tim.o
 .debug_abbrev  0x00000000      0x189 ..\obj\stm32f30x_tim.o
 .debug_aranges
                0x00000000      0x3a8 ..\obj\stm32f30x_tim.o
 .debug_ranges  0x00000000      0x398 ..\obj\stm32f30x_tim.o
 .debug_line    0x00000000      0xc7e ..\obj\stm32f30x_tim.o
 .debug_str     0x00000000      0xf6f ..\obj\stm32f30x_tim.o
 .comment       0x00000000       0x6f ..\obj\stm32f30x_tim.o
 .debug_frame   0x00000000     0x11c4 ..\obj\stm32f30x_tim.o
 .ARM.attributes
                0x00000000       0x33 ..\obj\stm32f30x_tim.o
 .text          0x00000000       0x14 ..\obj\startup_stm32f30x.o
 .data          0x00000000        0x0 ..\obj\startup_stm32f30x.o
 .bss           0x00000000        0x0 ..\obj\startup_stm32f30x.o
 .text          0x00000000        0x0 ..\obj\stm32f30x_syscfg.o
 .data          0x00000000        0x0 ..\obj\stm32f30x_syscfg.o
 .bss           0x00000000        0x0 ..\obj\stm32f30x_syscfg.o
 .text.SYSCFG_DeInit
                0x00000000       0x4c ..\obj\stm32f30x_syscfg.o
 .text.SYSCFG_MemoryRemapConfig
                0x00000000       0x38 ..\obj\stm32f30x_syscfg.o
 .text.SYSCFG_DMAChannelRemapConfig
                0x00000000       0x3c ..\obj\stm32f30x_syscfg.o
 .text.SYSCFG_TriggerRemapConfig
                0x00000000       0x3c ..\obj\stm32f30x_syscfg.o
 .text.SYSCFG_EncoderRemapConfig
                0x00000000       0x30 ..\obj\stm32f30x_syscfg.o
 .text.SYSCFG_USBInterruptLineRemapCmd
                0x00000000       0x20 ..\obj\stm32f30x_syscfg.o
 .text.SYSCFG_I2CFastModePlusConfig
                0x00000000       0x3c ..\obj\stm32f30x_syscfg.o
 .text.SYSCFG_ITConfig
                0x00000000       0x3c ..\obj\stm32f30x_syscfg.o
 .text.SYSCFG_EXTILineConfig
                0x00000000       0x84 ..\obj\stm32f30x_syscfg.o
 .text.SYSCFG_BreakConfig
                0x00000000       0x24 ..\obj\stm32f30x_syscfg.o
 .text.SYSCFG_BypassParityCheckDisable
                0x00000000       0x18 ..\obj\stm32f30x_syscfg.o
 .text.SYSCFG_SRAMWRPEnable
                0x00000000       0x24 ..\obj\stm32f30x_syscfg.o
 .text.SYSCFG_GetFlagStatus
                0x00000000       0x34 ..\obj\stm32f30x_syscfg.o
 .text.SYSCFG_ClearFlag
                0x00000000       0x24 ..\obj\stm32f30x_syscfg.o
 .debug_info    0x00000000      0x3ce ..\obj\stm32f30x_syscfg.o
 .debug_abbrev  0x00000000      0x183 ..\obj\stm32f30x_syscfg.o
 .debug_aranges
                0x00000000       0x88 ..\obj\stm32f30x_syscfg.o
 .debug_ranges  0x00000000       0x78 ..\obj\stm32f30x_syscfg.o
 .debug_line    0x00000000      0x29c ..\obj\stm32f30x_syscfg.o
 .debug_str     0x00000000      0x3f8 ..\obj\stm32f30x_syscfg.o
 .comment       0x00000000       0x6f ..\obj\stm32f30x_syscfg.o
 .debug_frame   0x00000000      0x230 ..\obj\stm32f30x_syscfg.o
 .ARM.attributes
                0x00000000       0x33 ..\obj\stm32f30x_syscfg.o
 .text          0x00000000        0x0 ..\obj\driving.o
 .data          0x00000000        0x0 ..\obj\driving.o
 .bss           0x00000000        0x0 ..\obj\driving.o
 .text.drive_forward
                0x00000000       0x24 ..\obj\driving.o
 .text.drive_backward
                0x00000000       0x24 ..\obj\driving.o
 .text.stop_drive
                0x00000000       0x18 ..\obj\driving.o
 .text          0x00000000        0x0 ..\obj\stm32f30x_usart.o
 .data          0x00000000        0x0 ..\obj\stm32f30x_usart.o
 .bss           0x00000000        0x0 ..\obj\stm32f30x_usart.o
 .text.USART_DeInit
                0x00000000       0xb8 ..\obj\stm32f30x_usart.o
 .text.USART_StructInit
                0x00000000       0x38 ..\obj\stm32f30x_usart.o
 .text.USART_ClockInit
                0x00000000       0x48 ..\obj\stm32f30x_usart.o
 .text.USART_ClockStructInit
                0x00000000       0x2c ..\obj\stm32f30x_usart.o
 .text.USART_DirectionModeCmd
                0x00000000       0x3c ..\obj\stm32f30x_usart.o
 .text.USART_OverSampling8Cmd
                0x00000000       0x38 ..\obj\stm32f30x_usart.o
 .text.USART_OneBitMethodCmd
                0x00000000       0x38 ..\obj\stm32f30x_usart.o
 .text.USART_MSBFirstCmd
                0x00000000       0x38 ..\obj\stm32f30x_usart.o
 .text.USART_DataInvCmd
                0x00000000       0x38 ..\obj\stm32f30x_usart.o
 .text.USART_InvPinCmd
                0x00000000       0x3c ..\obj\stm32f30x_usart.o
 .text.USART_SWAPPinCmd
                0x00000000       0x38 ..\obj\stm32f30x_usart.o
 .text.USART_ReceiverTimeOutCmd
                0x00000000       0x38 ..\obj\stm32f30x_usart.o
 .text.USART_SetReceiverTimeOut
                0x00000000       0x2c ..\obj\stm32f30x_usart.o
 .text.USART_SetPrescaler
                0x00000000       0x38 ..\obj\stm32f30x_usart.o
 .text.USART_STOPModeCmd
                0x00000000       0x38 ..\obj\stm32f30x_usart.o
 .text.USART_StopModeWakeUpSourceConfig
                0x00000000       0x2c ..\obj\stm32f30x_usart.o
 .text.USART_AutoBaudRateCmd
                0x00000000       0x38 ..\obj\stm32f30x_usart.o
 .text.USART_AutoBaudRateConfig
                0x00000000       0x2c ..\obj\stm32f30x_usart.o
 .text.USART_SendData
                0x00000000       0x24 ..\obj\stm32f30x_usart.o
 .text.USART_ReceiveData
                0x00000000       0x20 ..\obj\stm32f30x_usart.o
 .text.USART_SetAddress
                0x00000000       0x30 ..\obj\stm32f30x_usart.o
 .text.USART_MuteModeCmd
                0x00000000       0x38 ..\obj\stm32f30x_usart.o
 .text.USART_MuteModeWakeUpConfig
                0x00000000       0x2c ..\obj\stm32f30x_usart.o
 .text.USART_AddressDetectionConfig
                0x00000000       0x2c ..\obj\stm32f30x_usart.o
 .text.USART_LINBreakDetectLengthConfig
                0x00000000       0x2c ..\obj\stm32f30x_usart.o
 .text.USART_LINCmd
                0x00000000       0x38 ..\obj\stm32f30x_usart.o
 .text.USART_HalfDuplexCmd
                0x00000000       0x38 ..\obj\stm32f30x_usart.o
 .text.USART_SetGuardTime
                0x00000000       0x3c ..\obj\stm32f30x_usart.o
 .text.USART_SmartCardCmd
                0x00000000       0x38 ..\obj\stm32f30x_usart.o
 .text.USART_SmartCardNACKCmd
                0x00000000       0x38 ..\obj\stm32f30x_usart.o
 .text.USART_SetAutoRetryCount
                0x00000000       0x30 ..\obj\stm32f30x_usart.o
 .text.USART_SetBlockLength
                0x00000000       0x30 ..\obj\stm32f30x_usart.o
 .text.USART_IrDAConfig
                0x00000000       0x2c ..\obj\stm32f30x_usart.o
 .text.USART_IrDACmd
                0x00000000       0x38 ..\obj\stm32f30x_usart.o
 .text.USART_DECmd
                0x00000000       0x38 ..\obj\stm32f30x_usart.o
 .text.USART_DEPolarityConfig
                0x00000000       0x2c ..\obj\stm32f30x_usart.o
 .text.USART_SetDEAssertionTime
                0x00000000       0x30 ..\obj\stm32f30x_usart.o
 .text.USART_SetDEDeassertionTime
                0x00000000       0x30 ..\obj\stm32f30x_usart.o
 .text.USART_DMACmd
                0x00000000       0x3c ..\obj\stm32f30x_usart.o
 .text.USART_DMAReceptionErrorConfig
                0x00000000       0x2c ..\obj\stm32f30x_usart.o
 .text.USART_ITConfig
                0x00000000       0x80 ..\obj\stm32f30x_usart.o
 .text.USART_RequestCmd
                0x00000000       0x48 ..\obj\stm32f30x_usart.o
 .text.USART_OverrunDetectionConfig
                0x00000000       0x2c ..\obj\stm32f30x_usart.o
 .text.USART_GetFlagStatus
                0x00000000       0x30 ..\obj\stm32f30x_usart.o
 .text.USART_ClearFlag
                0x00000000       0x1c ..\obj\stm32f30x_usart.o
 .text.USART_GetITStatus
                0x00000000       0x9c ..\obj\stm32f30x_usart.o
 .text.USART_ClearITPendingBit
                0x00000000       0x34 ..\obj\stm32f30x_usart.o

Memory Configuration

Name             Origin             Length             Attributes
rom              0x08000000         0x00040000         xr
ram              0x20000000         0x0000a000         xrw
ram1             0x10000000         0x00002000         xrw
*default*        0x00000000         0xffffffff

Linker script and memory map

                0x2000a000                _eram = 0x2000a000

.text           0x08000000      0xd74
 *(.isr_vector)
 .isr_vector    0x08000000      0x188 ..\obj\startup_stm32f30x.o
                0x08000000                g_pfnVectors
 *(.text*)
 .text.NVIC_SetPriority
                0x08000188       0x54 ..\obj\delay.o
 .text.SysTick_Config
                0x080001dc       0x44 ..\obj\delay.o
 .text.Delay_init
                0x08000220       0x28 ..\obj\delay.o
                0x08000220                Delay_init
 .text.SysTick_Handler
                0x08000248        0xc ..\obj\delay.o
                0x08000248                SysTick_Handler
 .text.TimingDelay_Decrement
                0x08000254       0x24 ..\obj\delay.o
                0x08000254                TimingDelay_Decrement
 .text.RCC_GetClocksFreq
                0x08000278      0x414 ..\obj\stm32f30x_rcc.o
                0x08000278                RCC_GetClocksFreq
 .text.RCC_AHBPeriphClockCmd
                0x0800068c       0x3c ..\obj\stm32f30x_rcc.o
                0x0800068c                RCC_AHBPeriphClockCmd
 .text.RCC_APB1PeriphClockCmd
                0x080006c8       0x3c ..\obj\stm32f30x_rcc.o
                0x080006c8                RCC_APB1PeriphClockCmd
 .text.GPIO_Init
                0x08000704      0x12c ..\obj\stm32f30x_gpio.o
                0x08000704                GPIO_Init
 .text.GPIO_SetBits
                0x08000830       0x1c ..\obj\stm32f30x_gpio.o
                0x08000830                GPIO_SetBits
 .text.GPIO_ResetBits
                0x0800084c       0x1c ..\obj\stm32f30x_gpio.o
                0x0800084c                GPIO_ResetBits
 .text.GPIO_PinAFConfig
                0x08000868       0x90 ..\obj\stm32f30x_gpio.o
                0x08000868                GPIO_PinAFConfig
 .text.init_USART
                0x080008f8       0xa0 ..\obj\main.o
                0x080008f8                init_USART
 .text.main     0x08000998       0x50 ..\obj\main.o
                0x08000998                main
 .text.SystemInit1
                0x080009e8       0x84 ..\obj\system_stm32f30x_temp.o
                0x080009e8                SystemInit
                0x080009e8                SystemInit1
 .text.SetSysClock1
                0x08000a6c       0xe0 ..\obj\system_stm32f30x_temp.o
                0x08000a6c                SetSysClock
 .text.Reset_Handler
                0x08000b4c       0x44 ..\obj\startup_stm32f30x.o
                0x08000b4c                Reset_Handler
 .text.Default_Handler
                0x08000b90        0x2 ..\obj\startup_stm32f30x.o
                0x08000b90                RTC_Alarm_IRQHandler
                0x08000b90                TIM8_TRG_COM_IRQHandler
                0x08000b90                TIM8_CC_IRQHandler
                0x08000b90                DebugMon_Handler
                0x08000b90                TIM1_CC_IRQHandler
                0x08000b90                HardFault_Handler
                0x08000b90                USB_HP_IRQHandler
                0x08000b90                PVD_IRQHandler
                0x08000b90                PendSV_Handler
                0x08000b90                NMI_Handler
                0x08000b90                EXTI3_IRQHandler
                0x08000b90                EXTI0_IRQHandler
                0x08000b90                I2C2_EV_IRQHandler
                0x08000b90                FPU_IRQHandler
                0x08000b90                EXTI2_TS_IRQHandler
                0x08000b90                TIM1_UP_TIM16_IRQHandler
                0x08000b90                UsageFault_Handler
                0x08000b90                ADC1_2_IRQHandler
                0x08000b90                SPI1_IRQHandler
                0x08000b90                TIM6_DAC_IRQHandler
                0x08000b90                TIM8_UP_IRQHandler
                0x08000b90                DMA2_Channel2_IRQHandler
                0x08000b90                DMA1_Channel4_IRQHandler
                0x08000b90                USART3_IRQHandler
                0x08000b90                DMA1_Channel7_IRQHandler
                0x08000b90                CAN1_RX1_IRQHandler
                0x08000b90                UART5_IRQHandler
                0x08000b90                ADC3_IRQHandler
                0x08000b90                TIM4_IRQHandler
                0x08000b90                DMA2_Channel1_IRQHandler
                0x08000b90                I2C1_EV_IRQHandler
                0x08000b90                DMA1_Channel6_IRQHandler
                0x08000b90                UART4_IRQHandler
                0x08000b90                DMA2_Channel4_IRQHandler
                0x08000b90                TIM3_IRQHandler
                0x08000b90                RCC_IRQHandler
                0x08000b90                DMA1_Channel1_IRQHandler
                0x08000b90                Default_Handler
                0x08000b90                USBWakeUp_RMP_IRQHandler
                0x08000b90                EXTI15_10_IRQHandler
                0x08000b90                TIM7_IRQHandler
                0x08000b90                EXTI9_5_IRQHandler
                0x08000b90                TAMPER_STAMP_IRQHandler
                0x08000b90                RTC_WKUP_IRQHandler
                0x08000b90                SPI2_IRQHandler
                0x08000b90                MemManage_Handler
                0x08000b90                SVC_Handler
                0x08000b90                DMA2_Channel5_IRQHandler
                0x08000b90                DMA1_Channel5_IRQHandler
                0x08000b90                USB_LP_IRQHandler
                0x08000b90                EXTI4_IRQHandler
                0x08000b90                USB_LP_CAN1_RX0_IRQHandler
                0x08000b90                TIM1_TRG_COM_TIM17_IRQHandler
                0x08000b90                USB_HP_CAN1_TX_IRQHandler
                0x08000b90                DMA1_Channel3_IRQHandler
                0x08000b90                ADC4_IRQHandler
                0x08000b90                WWDG_IRQHandler
                0x08000b90                TIM2_IRQHandler
                0x08000b90                COMP7_IRQHandler
                0x08000b90                COMP1_2_3_IRQHandler
                0x08000b90                EXTI1_IRQHandler
                0x08000b90                USART2_IRQHandler
                0x08000b90                COMP4_5_6_IRQHandler
                0x08000b90                I2C2_ER_IRQHandler
                0x08000b90                DMA1_Channel2_IRQHandler
                0x08000b90                TIM8_BRK_IRQHandler
                0x08000b90                CAN1_SCE_IRQHandler
                0x08000b90                FLASH_IRQHandler
                0x08000b90                BusFault_Handler
                0x08000b90                USART1_IRQHandler
                0x08000b90                SPI3_IRQHandler
                0x08000b90                I2C1_ER_IRQHandler
                0x08000b90                USBWakeUp_IRQHandler
                0x08000b90                DMA2_Channel3_IRQHandler
                0x08000b90                TIM1_BRK_TIM15_IRQHandler
 *fill*         0x08000b92        0x2 
 .text.driving_init
                0x08000b94       0x30 ..\obj\driving.o
                0x08000b94                driving_init
 .text.USART_Init
                0x08000bc4      0x178 ..\obj\stm32f30x_usart.o
                0x08000bc4                USART_Init
 .text.USART_Cmd
                0x08000d3c       0x38 ..\obj\stm32f30x_usart.o
                0x08000d3c                USART_Cmd
 *(.init)
 *(.fini)
 *crtbegin.o(.ctors)
 *crtbegin?.o(.ctors)
 *(EXCLUDE_FILE(*crtend.o *crtend?.o) .ctors)
 *(SORT(.ctors.*))
 *(.ctors)
 *crtbegin.o(.dtors)
 *crtbegin?.o(.dtors)
 *(EXCLUDE_FILE(*crtend.o *crtend?.o) .dtors)
 *(SORT(.dtors.*))
 *(.dtors)
 *(.rodata*)
 *(.eh_fram e*)

.glue_7         0x08000d74        0x0
 .glue_7        0x08000d74        0x0 linker stubs

.glue_7t        0x08000d74        0x0
 .glue_7t       0x08000d74        0x0 linker stubs

.vfp11_veneer   0x08000d74        0x0
 .vfp11_veneer  0x08000d74        0x0 linker stubs

.v4_bx          0x08000d74        0x0
 .v4_bx         0x08000d74        0x0 linker stubs

.iplt           0x08000d74        0x0
 .iplt          0x08000d74        0x0 ..\obj\delay.o

.rel.dyn        0x08000d74        0x0
 .rel.iplt      0x08000d74        0x0 ..\obj\delay.o

.ARM.extab
 *(.ARM.extab* .gnu.linkonce.armextab.*)
                0x08000d74                __exidx_start = .

.ARM.exidx
 *(.ARM.exidx* .gnu.linkonce.armexidx.*)
                0x08000d74                __exidx_end = .
                0x08000d74                __etext = .
                0x08000d74                _sidata = __etext

.data           0x20000000       0x2c load address 0x08000d74
                0x20000000                __data_start__ = .
                0x20000000                _sdata = __data_start__
 *(vtable)
 *(.data*)
 .data          0x20000000       0x2a ..\obj\stm32f30x_rcc.o
                0x2000002c                . = ALIGN (0x4)
 *fill*         0x2000002a        0x2 
                [!provide]                PROVIDE (__preinit_array_start, .)
 *(.preinit_array)
                [!provide]                PROVIDE (__preinit_array_end, .)
                0x2000002c                . = ALIGN (0x4)
                [!provide]                PROVIDE (__init_array_start, .)
 *(SORT(.init_array.*))
 *(.init_array)
                [!provide]                PROVIDE (__init_array_end, .)
                0x2000002c                . = ALIGN (0x4)
                [!provide]                PROVIDE (__fini_array_start, .)
 *(SORT(.fini_array.*))
 *(.fini_array)
                [!provide]                PROVIDE (__fini_array_end, .)
 *(.jcr*)
                0x2000002c                . = ALIGN (0x4)
                0x2000002c                __data_end__ = .
                0x2000002c                _edata = __data_end__

.igot.plt       0x2000002c        0x0 load address 0x08000da0
 .igot.plt      0x2000002c        0x0 ..\obj\delay.o

.bss            0x2000002c       0x48 load address 0x08000da0
                0x2000002c                . = ALIGN (0x4)
                0x2000002c                __bss_start__ = .
                0x2000002c                _sbss = __bss_start__
 *(.bss*)
 .bss           0x2000002c        0x4 ..\obj\delay.o
                0x2000002c                TimingDelay
 *(COMMON)
 COMMON         0x20000030       0x3c ..\obj\delay.o
                0x20000030                RCC_Clocks
 COMMON         0x2000006c        0x8 ..\obj\main.o
                0x2000006c                GPIO_InitStructure
                0x20000074                . = ALIGN (0x4)
                0x20000074                __bss_end__ = .
                0x20000074                _ebss = __bss_end__

.heap           0x20000074        0x0
                0x20000074                __end__ = .
                0x20000074                _end = __end__
                0x20000074                end = __end__
 *(.heap*)
                0x20000074                __HeapLimit = .

.co_stack       0x20000074        0x4 load address 0x08000de8
                0x20000078                . = ALIGN (0x8)
 *fill*         0x20000074        0x4 
 *(.co_stack .co_stack.*)
                0x2000a000                __StackTop = (ORIGIN (ram) + LENGTH (ram))
                0x20009ffc                __StackLimit = (__StackTop - SIZEOF (.co_stack))
                [!provide]                PROVIDE (__stack, __StackTop)
                0x00000001                ASSERT ((__StackLimit >= __HeapLimit), region ram  overflowed with stack)
LOAD ..\obj\delay.o
LOAD ..\obj\stm32f30x_rcc.o
LOAD ..\obj\stm32f30x_comp.o
LOAD ..\obj\stm32f30x_gpio.o
LOAD ..\obj\main.o
LOAD ..\obj\stm32f30x_exti.o
LOAD ..\obj\stm32f30x_spi.o
LOAD ..\obj\stm32f30x_i2c.o
LOAD ..\obj\system_stm32f30x_temp.o
LOAD ..\obj\stm32f30x_misc.o
LOAD ..\obj\stm32f30x_tim.o
LOAD ..\obj\startup_stm32f30x.o
LOAD ..\obj\stm32f30x_syscfg.o
LOAD ..\obj\driving.o
LOAD ..\obj\stm32f30x_usart.o
START GROUP
LOAD c:/program files (x86)/gnu tools arm embedded/5.3 2016q1/bin/../lib/gcc/arm-none-eabi/5.3.1/armv7e-m\libgcc.a
LOAD c:/program files (x86)/gnu tools arm embedded/5.3 2016q1/bin/../lib/gcc/arm-none-eabi/5.3.1/../../../../arm-none-eabi/lib/armv7e-m\libg.a
LOAD c:/program files (x86)/gnu tools arm embedded/5.3 2016q1/bin/../lib/gcc/arm-none-eabi/5.3.1/../../../../arm-none-eabi/lib/armv7e-m\libc.a
END GROUP
OUTPUT(Projekt_PTM.elf elf32-littlearm)

.debug_info     0x00000000     0x3407
 .debug_info    0x00000000      0x764 ..\obj\delay.o
 .debug_info    0x00000764      0xacc ..\obj\stm32f30x_rcc.o
 .debug_info    0x00001230      0x612 ..\obj\stm32f30x_gpio.o
 .debug_info    0x00001842      0x481 ..\obj\main.o
 .debug_info    0x00001cc3      0x4bb ..\obj\system_stm32f30x_temp.o
 .debug_info    0x0000217e       0x8d ..\obj\startup_stm32f30x.o
 .debug_info    0x0000220b      0x338 ..\obj\driving.o
 .debug_info    0x00002543      0xec4 ..\obj\stm32f30x_usart.o

.debug_abbrev   0x00000000      0xa72
 .debug_abbrev  0x00000000      0x1d2 ..\obj\delay.o
 .debug_abbrev  0x000001d2      0x1e5 ..\obj\stm32f30x_rcc.o
 .debug_abbrev  0x000003b7      0x198 ..\obj\stm32f30x_gpio.o
 .debug_abbrev  0x0000054f      0x144 ..\obj\main.o
 .debug_abbrev  0x00000693      0x147 ..\obj\system_stm32f30x_temp.o
 .debug_abbrev  0x000007da       0x12 ..\obj\startup_stm32f30x.o
 .debug_abbrev  0x000007ec      0x12f ..\obj\driving.o
 .debug_abbrev  0x0000091b      0x157 ..\obj\stm32f30x_usart.o

.debug_aranges  0x00000000      0x470
 .debug_aranges
                0x00000000       0x48 ..\obj\delay.o
 .debug_aranges
                0x00000048      0x150 ..\obj\stm32f30x_rcc.o
 .debug_aranges
                0x00000198       0x80 ..\obj\stm32f30x_gpio.o
 .debug_aranges
                0x00000218       0x28 ..\obj\main.o
 .debug_aranges
                0x00000240       0x30 ..\obj\system_stm32f30x_temp.o
 .debug_aranges
                0x00000270       0x28 ..\obj\startup_stm32f30x.o
 .debug_aranges
                0x00000298       0x38 ..\obj\driving.o
 .debug_aranges
                0x000002d0      0x1a0 ..\obj\stm32f30x_usart.o

.debug_ranges   0x00000000      0x3f8
 .debug_ranges  0x00000000       0x38 ..\obj\delay.o
 .debug_ranges  0x00000038      0x140 ..\obj\stm32f30x_rcc.o
 .debug_ranges  0x00000178       0x70 ..\obj\stm32f30x_gpio.o
 .debug_ranges  0x000001e8       0x18 ..\obj\main.o
 .debug_ranges  0x00000200       0x20 ..\obj\system_stm32f30x_temp.o
 .debug_ranges  0x00000220       0x20 ..\obj\startup_stm32f30x.o
 .debug_ranges  0x00000240       0x28 ..\obj\driving.o
 .debug_ranges  0x00000268      0x190 ..\obj\stm32f30x_usart.o

.debug_line     0x00000000     0x1730
 .debug_line    0x00000000      0x22e ..\obj\delay.o
 .debug_line    0x0000022e      0x574 ..\obj\stm32f30x_rcc.o
 .debug_line    0x000007a2      0x30f ..\obj\stm32f30x_gpio.o
 .debug_line    0x00000ab1      0x1fd ..\obj\main.o
 .debug_line    0x00000cae      0x1e3 ..\obj\system_stm32f30x_temp.o
 .debug_line    0x00000e91       0x98 ..\obj\startup_stm32f30x.o
 .debug_line    0x00000f29      0x1f7 ..\obj\driving.o
 .debug_line    0x00001120      0x610 ..\obj\stm32f30x_usart.o

.debug_str      0x00000000     0x181b
 .debug_str     0x00000000      0x7c7 ..\obj\delay.o
                                0x81f (size before relaxing)
 .debug_str     0x000007c7      0x52d ..\obj\stm32f30x_rcc.o
                                0x7ec (size before relaxing)
 .debug_str     0x00000cf4      0x2fe ..\obj\stm32f30x_gpio.o
                                0x497 (size before relaxing)
 .debug_str     0x00000ff2       0xdf ..\obj\main.o
                                0x40a (size before relaxing)
 .debug_str     0x000010d1       0x9d ..\obj\system_stm32f30x_temp.o
                                0x302 (size before relaxing)
 .debug_str     0x0000116e       0x55 ..\obj\driving.o
                                0x362 (size before relaxing)
 .debug_str     0x000011c3      0x658 ..\obj\stm32f30x_usart.o
                                0x9f7 (size before relaxing)

.comment        0x00000000       0x6e
 .comment       0x00000000       0x6e ..\obj\delay.o
                                 0x6f (size before relaxing)
 .comment       0x0000006e       0x6f ..\obj\stm32f30x_rcc.o
 .comment       0x0000006e       0x6f ..\obj\stm32f30x_gpio.o
 .comment       0x0000006e       0x6f ..\obj\main.o
 .comment       0x0000006e       0x6f ..\obj\system_stm32f30x_temp.o
 .comment       0x0000006e       0x6f ..\obj\driving.o
 .comment       0x0000006e       0x6f ..\obj\stm32f30x_usart.o

.ARM.attributes
                0x00000000       0x31
 .ARM.attributes
                0x00000000       0x33 ..\obj\delay.o
 .ARM.attributes
                0x00000033       0x33 ..\obj\stm32f30x_rcc.o
 .ARM.attributes
                0x00000066       0x33 ..\obj\stm32f30x_gpio.o
 .ARM.attributes
                0x00000099       0x33 ..\obj\main.o
 .ARM.attributes
                0x000000cc       0x33 ..\obj\system_stm32f30x_temp.o
 .ARM.attributes
                0x000000ff       0x21 ..\obj\startup_stm32f30x.o
 .ARM.attributes
                0x00000120       0x33 ..\obj\driving.o
 .ARM.attributes
                0x00000153       0x33 ..\obj\stm32f30x_usart.o

.debug_frame    0x00000000     0x11f8
 .debug_frame   0x00000000       0xdc ..\obj\delay.o
 .debug_frame   0x000000dc      0x60c ..\obj\stm32f30x_rcc.o
 .debug_frame   0x000006e8      0x214 ..\obj\stm32f30x_gpio.o
 .debug_frame   0x000008fc       0x50 ..\obj\main.o
 .debug_frame   0x0000094c       0x7c ..\obj\system_stm32f30x_temp.o
 .debug_frame   0x000009c8       0x80 ..\obj\driving.o
 .debug_frame   0x00000a48      0x7b0 ..\obj\stm32f30x_usart.o
